May 21 10:42:44 myLinuxVM kernel: [    0.000000] Linux version 6.8.0-1028-azure (buildd@lcy02-amd64-120) (x86_64-linux-gnu-gcc-11 (Ubuntu 11.4.0-1ubuntu1~22.04) 11.4.0, GNU ld (GNU Binutils for Ubuntu) 2.38) #33~22.04.1-Ubuntu SMP Fri Apr 25 06:39:10 UTC 2025 (Ubuntu 6.8.0-1028.33~22.04.1-azure 6.8.12)
May 21 10:42:44 myLinuxVM systemd-fsck[146]: cloudimg-rootfs: clean, 72560/274176 files, 430906/548091 blocks
May 21 10:42:44 myLinuxVM systemd[1]: Mounted Huge Pages File System.
May 21 10:42:44 myLinuxVM systemd[1]: Mounted POSIX Message Queue File System.
May 21 10:42:44 myLinuxVM systemd[1]: Mounted Kernel Debug File System.
May 21 10:42:44 myLinuxVM systemd[1]: Mounted Kernel Trace File System.
May 21 10:42:44 myLinuxVM systemd[1]: Finished Set the console keyboard layout.
May 21 10:42:44 myLinuxVM systemd[1]: Finished Create List of Static Device Nodes.
May 21 10:42:44 myLinuxVM systemd[1]: modprobe@configfs.service: Deactivated successfully.
May 21 10:42:44 myLinuxVM systemd[1]: Finished Load Kernel Module configfs.
May 21 10:42:44 myLinuxVM systemd[1]: modprobe@drm.service: Deactivated successfully.
May 21 10:42:44 myLinuxVM systemd[1]: Finished Load Kernel Module drm.
May 21 10:42:44 myLinuxVM systemd[1]: modprobe@efi_pstore.service: Deactivated successfully.
May 21 10:42:44 myLinuxVM systemd[1]: Finished Load Kernel Module efi_pstore.
May 21 10:42:44 myLinuxVM systemd[1]: modprobe@fuse.service: Deactivated successfully.
May 21 10:42:44 myLinuxVM systemd[1]: Finished Load Kernel Module fuse.
May 21 10:42:44 myLinuxVM systemd[1]: Finished File System Check on Root Device.
May 21 10:42:44 myLinuxVM systemd[1]: Finished Load Kernel Modules.
May 21 10:42:44 myLinuxVM systemd[1]: Mounting FUSE Control File System...
May 21 10:42:44 myLinuxVM systemd[1]: Mounting Kernel Configuration File System...
May 21 10:42:44 myLinuxVM systemd[1]: Started File System Check Daemon to report status.
May 21 10:42:44 myLinuxVM systemd[1]: Starting Remount Root and Kernel File Systems...
May 21 10:42:44 myLinuxVM systemd[1]: Starting Apply Kernel Variables...
May 21 10:42:44 myLinuxVM systemd[1]: Mounted FUSE Control File System.
May 21 10:42:44 myLinuxVM systemd[1]: Mounted Kernel Configuration File System.
May 21 10:42:44 myLinuxVM systemd[1]: Finished Apply Kernel Variables.
May 21 10:42:44 myLinuxVM systemd[1]: Finished Coldplug All udev Devices.
May 21 10:42:44 myLinuxVM systemd[1]: Finished Remount Root and Kernel File Systems.
May 21 10:42:44 myLinuxVM systemd[1]: Starting Device-Mapper Multipath Device Controller...
May 21 10:42:44 myLinuxVM systemd[1]: Starting Flush Journal to Persistent Storage...
May 21 10:42:44 myLinuxVM systemd[1]: Condition check resulted in Platform Persistent Storage Archival being skipped.
May 21 10:42:44 myLinuxVM systemd[1]: Starting Load/Save Random Seed...
May 21 10:42:44 myLinuxVM systemd[1]: Starting Create System Users...
May 21 10:42:44 myLinuxVM systemd[1]: Finished Load/Save Random Seed.
May 21 10:42:44 myLinuxVM systemd[1]: Finished Flush Journal to Persistent Storage.
May 21 10:42:44 myLinuxVM systemd[1]: Condition check resulted in First Boot Complete being skipped.
May 21 10:42:44 myLinuxVM systemd[1]: Finished Create System Users.
May 21 10:42:44 myLinuxVM systemd[1]: Starting Create Static Device Nodes in /dev...
May 21 10:42:44 myLinuxVM multipathd[167]: --------start up--------
May 21 10:42:44 myLinuxVM multipathd[167]: read /etc/multipath.conf
May 21 10:42:44 myLinuxVM multipathd[167]: path checkers start up
May 21 10:42:44 myLinuxVM systemd[1]: Started Device-Mapper Multipath Device Controller.
May 21 10:42:44 myLinuxVM systemd[1]: Finished Create Static Device Nodes in /dev.
May 21 10:42:44 myLinuxVM systemd[1]: Starting Rule-based Manager for Device Events and Files...
May 21 10:42:44 myLinuxVM systemd[1]: Started Rule-based Manager for Device Events and Files.
May 21 10:42:44 myLinuxVM systemd[1]: Condition check resulted in Show Plymouth Boot Screen being skipped.
May 21 10:42:44 myLinuxVM systemd[1]: Started Dispatch Password Requests to Console Directory Watch.
May 21 10:42:44 myLinuxVM systemd[1]: Condition check resulted in Forward Password Requests to Plymouth Directory Watch being skipped.
May 21 10:42:44 myLinuxVM systemd[1]: Reached target Local Encrypted Volumes.
May 21 10:42:44 myLinuxVM systemd[1]: Found device /dev/ttyS0.
May 21 10:42:44 myLinuxVM systemd-udevd[183]: sr0: Process '/usr/bin/unshare -m /usr/bin/snap auto-import --mount=/dev/sr0' failed with exit code 1.
May 21 10:42:44 myLinuxVM systemd-udevd[179]: sdb: Process '/usr/bin/unshare -m /usr/bin/snap auto-import --mount=/dev/sdb' failed with exit code 1.
May 21 10:42:44 myLinuxVM systemd-udevd[182]: sda: Process '/usr/bin/unshare -m /usr/bin/snap auto-import --mount=/dev/sda' failed with exit code 1.
May 21 10:42:44 myLinuxVM systemd[1]: Found device /sys/devices/virtual/misc/vmbus!hv_kvp.
May 21 10:42:44 myLinuxVM systemd[1]: Listening on Load/Save RF Kill Switch Status /dev/rfkill Watch.
May 21 10:42:44 myLinuxVM systemd-udevd[179]: sda14: Process '/usr/bin/unshare -m /usr/bin/snap auto-import --mount=/dev/sda14' failed with exit code 1.
May 21 10:42:44 myLinuxVM systemd-udevd[182]: sda1: Process '/usr/bin/unshare -m /usr/bin/snap auto-import --mount=/dev/sda1' failed with exit code 1.
May 21 10:42:44 myLinuxVM systemd[1]: Started Hyper-V KVP Protocol Daemon.
May 21 10:42:44 myLinuxVM systemd-udevd[181]: sda15: Process '/usr/bin/unshare -m /usr/bin/snap auto-import --mount=/dev/sda15' failed with exit code 1.
May 21 10:42:44 myLinuxVM systemd-udevd[187]: sdb1: Process '/usr/bin/unshare -m /usr/bin/snap auto-import --mount=/dev/sdb1' failed with exit code 1.
May 21 10:42:44 myLinuxVM systemd[1]: Found device Virtual_Disk UEFI.
May 21 10:42:44 myLinuxVM KVP: KVP starting; pid is:320
May 21 10:42:44 myLinuxVM systemd[1]: Finished Monitoring of LVM2 mirrors, snapshots etc. using dmeventd or progress polling.
May 21 10:42:44 myLinuxVM KVP: KVP LIC Version: 3.1
May 21 10:42:44 myLinuxVM systemd[1]: Reached target Preparation for Local File Systems.
May 21 10:42:44 myLinuxVM systemd[1]: Mounting Mount unit for core20, revision 2571...
May 21 10:42:44 myLinuxVM systemd[1]: Mounting Mount unit for lxd, revision 31333...
May 21 10:42:44 myLinuxVM systemd[1]: Mounting Mount unit for snapd, revision 24671...
May 21 10:42:44 myLinuxVM systemd[1]: Starting File System Check on /dev/disk/by-uuid/E838-957A...
May 21 10:42:44 myLinuxVM systemd[1]: Mounted Mount unit for core20, revision 2571.
May 21 10:42:44 myLinuxVM systemd[1]: Mounted Mount unit for lxd, revision 31333.
May 21 10:42:44 myLinuxVM systemd[1]: Mounted Mount unit for snapd, revision 24671.
May 21 10:42:44 myLinuxVM systemd[1]: Reached target Mounted snaps.
May 21 10:42:44 myLinuxVM systemd-fsck[351]: fsck.fat 4.2 (2021-01-31)
May 21 10:42:44 myLinuxVM systemd-fsck[351]: /dev/sda15: 12 files, 12387/213663 clusters
May 21 10:42:44 myLinuxVM systemd[1]: Finished File System Check on /dev/disk/by-uuid/E838-957A.
May 21 10:42:44 myLinuxVM systemd[1]: Mounting /boot/efi...
May 21 10:42:44 myLinuxVM systemd[1]: Mounted /boot/efi.
May 21 10:42:44 myLinuxVM systemd[1]: Reached target Local File Systems.
May 21 10:42:44 myLinuxVM systemd[1]: Starting Load AppArmor profiles...
May 21 10:42:44 myLinuxVM systemd[1]: Starting Set console font and keymap...
May 21 10:42:44 myLinuxVM systemd[1]: Starting Create final runtime dir for shutdown pivot root...
May 21 10:42:44 myLinuxVM apparmor.systemd[364]: Restarting AppArmor
May 21 10:42:44 myLinuxVM apparmor.systemd[364]: Reloading AppArmor profiles
May 21 10:42:44 myLinuxVM systemd[1]: Starting Tell Plymouth To Write Out Runtime Data...
May 21 10:42:44 myLinuxVM systemd[1]: Starting Set Up Additional Binary Formats...
May 21 10:42:44 myLinuxVM systemd[1]: Condition check resulted in Store a System Token in an EFI Variable being skipped.
May 21 10:42:44 myLinuxVM systemd[1]: Starting Commit a transient machine-id on disk...
May 21 10:42:44 myLinuxVM systemd[1]: Starting Create Volatile Files and Directories...
May 21 10:42:44 myLinuxVM systemd[1]: Starting Uncomplicated firewall...
May 21 10:42:44 myLinuxVM systemd[1]: Finished Set console font and keymap.
May 21 10:42:44 myLinuxVM systemd[1]: Finished Create final runtime dir for shutdown pivot root.
May 21 10:42:44 myLinuxVM systemd[1]: Finished Tell Plymouth To Write Out Runtime Data.
May 21 10:42:44 myLinuxVM systemd[1]: Finished Uncomplicated firewall.
May 21 10:42:44 myLinuxVM systemd[1]: Finished Create Volatile Files and Directories.
May 21 10:42:44 myLinuxVM systemd[1]: proc-sys-fs-binfmt_misc.automount: Got automount request for /proc/sys/fs/binfmt_misc, triggered by 375 (systemd-binfmt)
May 21 10:42:44 myLinuxVM systemd[1]: Mounting Arbitrary Executable File Formats File System...
May 21 10:42:44 myLinuxVM systemd[1]: Starting Record System Boot/Shutdown in UTMP...
May 21 10:42:44 myLinuxVM systemd[1]: etc-machine\x2did.mount: Deactivated successfully.
May 21 10:42:44 myLinuxVM systemd[1]: Finished Commit a transient machine-id on disk.
May 21 10:42:44 myLinuxVM systemd[1]: Mounted Arbitrary Executable File Formats File System.
May 21 10:42:44 myLinuxVM systemd[1]: Finished Set Up Additional Binary Formats.
May 21 10:42:44 myLinuxVM systemd[1]: Finished Record System Boot/Shutdown in UTMP.
May 21 10:42:44 myLinuxVM apparmor.systemd[391]: Skipping profile in /etc/apparmor.d/disable: usr.sbin.rsyslogd
May 21 10:42:44 myLinuxVM systemd[1]: Finished Load AppArmor profiles.
May 21 10:42:44 myLinuxVM systemd[1]: Starting Load AppArmor profiles managed internally by snapd...
May 21 10:42:44 myLinuxVM systemd[1]: Condition check resulted in Authentication service for virtual machines hosted on VMware being skipped.
May 21 10:42:44 myLinuxVM systemd[1]: Condition check resulted in Service for virtual machines hosted on VMware being skipped.
May 21 10:42:44 myLinuxVM systemd[1]: Starting Cloud-init: Local Stage (pre-network)...
May 21 10:42:44 myLinuxVM snapd-apparmor[392]: main.go:146: Loading profiles [/var/lib/snapd/apparmor/profiles/snap-confine.snapd.24671 /var/lib/snapd/apparmor/profiles/snap-update-ns.lxd /var/lib/snapd/apparmor/profiles/snap.lxd.activate /var/lib/snapd/apparmor/profiles/snap.lxd.benchmark /var/lib/snapd/apparmor/profiles/snap.lxd.buginfo /var/lib/snapd/apparmor/profiles/snap.lxd.check-kernel /var/lib/snapd/apparmor/profiles/snap.lxd.daemon /var/lib/snapd/apparmor/profiles/snap.lxd.hook.configure /var/lib/snapd/apparmor/profiles/snap.lxd.hook.install /var/lib/snapd/apparmor/profiles/snap.lxd.hook.remove /var/lib/snapd/apparmor/profiles/snap.lxd.lxc /var/lib/snapd/apparmor/profiles/snap.lxd.lxc-to-lxd /var/lib/snapd/apparmor/profiles/snap.lxd.lxd /var/lib/snapd/apparmor/profiles/snap.lxd.migrate /var/lib/snapd/apparmor/profiles/snap.lxd.user-daemon]
May 21 10:42:44 myLinuxVM systemd-udevd[180]: Using default interface naming scheme 'v249'.
May 21 10:42:44 myLinuxVM cloud-init[414]: Cloud-init v. 24.4.1-0ubuntu0~22.04.2 running 'init-local' at Wed, 21 May 2025 09:14:09 +0000. Up 10.46 seconds.
May 21 10:42:44 myLinuxVM systemd[1]: run-cloud\x2dinit-tmp-tmpur_pyj0f.mount: Deactivated successfully.
May 21 10:42:44 myLinuxVM dhclient[426]: Internet Systems Consortium DHCP Client 4.4.1
May 21 10:42:44 myLinuxVM dhclient[426]: Copyright 2004-2018 Internet Systems Consortium.
May 21 10:42:44 myLinuxVM dhclient[426]: All rights reserved.
May 21 10:42:44 myLinuxVM dhclient[426]: For info, please visit https://www.isc.org/software/dhcp/
May 21 10:42:44 myLinuxVM dhclient[426]: 
May 21 10:42:44 myLinuxVM dhclient[430]: execve (/bin/true, ...): Permission denied
May 21 10:42:44 myLinuxVM dhclient[426]: Listening on LPF/eth0/00:0d:3a:46:0b:d8
May 21 10:42:44 myLinuxVM dhclient[426]: Sending on   LPF/eth0/00:0d:3a:46:0b:d8
May 21 10:42:44 myLinuxVM dhclient[426]: Sending on   Socket/fallback
May 21 10:42:44 myLinuxVM dhclient[426]: DHCPDISCOVER on eth0 to 255.255.255.255 port 67 interval 3 (xid=0xd6f8492a)
May 21 10:42:44 myLinuxVM dhclient[426]: DHCPOFFER of 10.0.0.4 from 168.63.129.16
May 21 10:42:44 myLinuxVM dhclient[426]: DHCPREQUEST for 10.0.0.4 on eth0 to 255.255.255.255 port 67 (xid=0x2a49f8d6)
May 21 10:42:44 myLinuxVM dhclient[426]: DHCPACK of 10.0.0.4 from 168.63.129.16 (xid=0xd6f8492a)
May 21 10:42:44 myLinuxVM dhclient[431]: execve (/bin/true, ...): Permission denied
May 21 10:42:44 myLinuxVM dhclient[426]: Timeout too large reducing to: 2147483646 (TIME_MAX - 1)
May 21 10:42:44 myLinuxVM dhclient[426]: bound to 10.0.0.4 -- renewal in 4294967295 seconds.
May 21 10:42:44 myLinuxVM systemd[1]: Finished Load AppArmor profiles managed internally by snapd.
May 21 10:42:44 myLinuxVM systemd[1]: systemd-fsckd.service: Deactivated successfully.
May 21 10:42:44 myLinuxVM dhclient[477]: Internet Systems Consortium DHCP Client 4.4.1
May 21 10:42:44 myLinuxVM dhclient[477]: Copyright 2004-2018 Internet Systems Consortium.
May 21 10:42:44 myLinuxVM dhclient[477]: All rights reserved.
May 21 10:42:44 myLinuxVM dhclient[477]: For info, please visit https://www.isc.org/software/dhcp/
May 21 10:42:44 myLinuxVM dhclient[477]: 
May 21 10:42:44 myLinuxVM dhclient[481]: execve (/bin/true, ...): Permission denied
May 21 10:42:44 myLinuxVM dhclient[477]: Listening on LPF/eth0/00:0d:3a:46:0b:d8
May 21 10:42:44 myLinuxVM dhclient[477]: Sending on   LPF/eth0/00:0d:3a:46:0b:d8
May 21 10:42:44 myLinuxVM dhclient[477]: Sending on   Socket/fallback
May 21 10:42:44 myLinuxVM dhclient[477]: DHCPDISCOVER on eth0 to 255.255.255.255 port 67 interval 3 (xid=0xf6366e15)
May 21 10:42:44 myLinuxVM dhclient[477]: DHCPOFFER of 10.0.0.4 from 168.63.129.16
May 21 10:42:44 myLinuxVM dhclient[477]: DHCPREQUEST for 10.0.0.4 on eth0 to 255.255.255.255 port 67 (xid=0x156e36f6)
May 21 10:42:44 myLinuxVM dhclient[477]: DHCPACK of 10.0.0.4 from 168.63.129.16 (xid=0xf6366e15)
May 21 10:42:44 myLinuxVM dhclient[482]: execve (/bin/true, ...): Permission denied
May 21 10:42:44 myLinuxVM dhclient[477]: Timeout too large reducing to: 2147483646 (TIME_MAX - 1)
May 21 10:42:44 myLinuxVM dhclient[477]: bound to 10.0.0.4 -- renewal in 4294967295 seconds.
May 21 10:42:44 myLinuxVM cloud-init[414]: 2025-05-21 10:42:36,267 - azure.py[WARNING]: Polling IMDS failed attempt 1 with exception: UrlError('404 Client Error: Not Found for url: http://169.254.169.254/metadata/reprovisiondata?api-version=2019-06-01')
May 21 10:42:44 myLinuxVM systemd[1]: Condition check resulted in OpenVSwitch configuration for cleanup being skipped.
May 21 10:42:44 myLinuxVM systemd[1]: message repeated 2 times: [ Condition check resulted in OpenVSwitch configuration for cleanup being skipped.]
May 21 10:42:44 myLinuxVM systemd[1]: Finished Cloud-init: Local Stage (pre-network).
May 21 10:42:44 myLinuxVM systemd[1]: Reached target Preparation for Network.
May 21 10:42:44 myLinuxVM systemd[1]: Starting Network Configuration...
May 21 10:42:44 myLinuxVM systemd-networkd[509]: lo: Link UP
May 21 10:42:44 myLinuxVM systemd-networkd[509]: lo: Gained carrier
May 21 10:42:44 myLinuxVM systemd-networkd[509]: Enumeration completed
May 21 10:42:44 myLinuxVM systemd[1]: Started Network Configuration.
May 21 10:42:44 myLinuxVM systemd-networkd[509]: eth0: Link UP
May 21 10:42:44 myLinuxVM systemd-networkd[509]: eth0: Gained carrier
May 21 10:42:44 myLinuxVM systemd-networkd[509]: eth0: Gained IPv6LL
May 21 10:42:44 myLinuxVM systemd-networkd[509]: eth0: Lost carrier
May 21 10:42:44 myLinuxVM systemd-networkd[509]: eth0: Gained carrier
May 21 10:42:44 myLinuxVM systemd-networkd[509]: eth0: Link DOWN
May 21 10:42:44 myLinuxVM systemd-networkd[509]: eth0: Lost carrier
May 21 10:42:44 myLinuxVM systemd-networkd[509]: eth0: Link UP
May 21 10:42:44 myLinuxVM systemd-networkd[509]: eth0: Gained carrier
May 21 10:42:44 myLinuxVM systemd[1]: Starting Wait for Network to be Configured...
May 21 10:42:44 myLinuxVM systemd-networkd[509]: eth0: Gained IPv6LL
May 21 10:42:44 myLinuxVM systemd-networkd[509]: eth0: Link DOWN
May 21 10:42:44 myLinuxVM systemd-networkd[509]: eth0: Lost carrier
May 21 10:42:44 myLinuxVM systemd-networkd[509]: eth0: found matching network '/run/systemd/network/10-netplan-eth0.network', based on potentially unpredictable interface name.
May 21 10:42:44 myLinuxVM systemd-networkd[509]: eth0: Link UP
May 21 10:42:44 myLinuxVM systemd-networkd[509]: eth0: Gained carrier
May 21 10:42:44 myLinuxVM systemd[1]: Starting Network Name Resolution...
May 21 10:42:44 myLinuxVM systemd-networkd[509]: eth0: DHCPv4 address 10.0.0.4/24 via 10.0.0.1
May 21 10:42:44 myLinuxVM systemd-resolved[512]: Positive Trust Anchors:
May 21 10:42:44 myLinuxVM systemd-resolved[512]: . IN DS 20326 8 2 e06d44b80b8f1d39a95c0b0d7c65d08458e880409bbc683457104237c7f8ec8d
May 21 10:42:44 myLinuxVM systemd-resolved[512]: Negative trust anchors: home.arpa 10.in-addr.arpa 16.172.in-addr.arpa 17.172.in-addr.arpa 18.172.in-addr.arpa 19.172.in-addr.arpa 20.172.in-addr.arpa 21.172.in-addr.arpa 22.172.in-addr.arpa 23.172.in-addr.arpa 24.172.in-addr.arpa 25.172.in-addr.arpa 26.172.in-addr.arpa 27.172.in-addr.arpa 28.172.in-addr.arpa 29.172.in-addr.arpa 30.172.in-addr.arpa 31.172.in-addr.arpa 168.192.in-addr.arpa d.f.ip6.arpa corp home internal intranet lan local private test
May 21 10:42:44 myLinuxVM systemd-resolved[512]: Using system hostname 'myLinuxVM'.
May 21 10:42:44 myLinuxVM systemd[1]: Started Network Name Resolution.
May 21 10:42:44 myLinuxVM systemd[1]: Reached target Network.
May 21 10:42:44 myLinuxVM systemd[1]: Reached target Host and Network Name Lookups.
May 21 10:42:44 myLinuxVM systemd-networkd[509]: eth0: Gained IPv6LL
May 21 10:42:44 myLinuxVM systemd[1]: Finished Wait for Network to be Configured.
May 21 10:42:44 myLinuxVM systemd[1]: Starting Cloud-init: Network Stage...
May 21 10:42:44 myLinuxVM cloud-init[518]: Cloud-init v. 24.4.1-0ubuntu0~22.04.2 running 'init' at Wed, 21 May 2025 10:42:40 +0000. Up 5321.43 seconds.
May 21 10:42:44 myLinuxVM cloud-init[518]: ci-info: ++++++++++++++++++++++++++++++++++++++Net device info++++++++++++++++++++++++++++++++++++++
May 21 10:42:44 myLinuxVM cloud-init[518]: ci-info: +--------+------+----------------------------+---------------+--------+-------------------+
May 21 10:42:44 myLinuxVM cloud-init[518]: ci-info: | Device |  Up  |          Address           |      Mask     | Scope  |     Hw-Address    |
May 21 10:42:44 myLinuxVM cloud-init[518]: ci-info: +--------+------+----------------------------+---------------+--------+-------------------+
May 21 10:42:44 myLinuxVM cloud-init[518]: ci-info: |  eth0  | True |          10.0.0.4          | 255.255.255.0 | global | 00:0d:3a:46:0b:d8 |
May 21 10:42:44 myLinuxVM cloud-init[518]: ci-info: |  eth0  | True | fe80::20d:3aff:fe46:bd8/64 |       .       |  link  | 00:0d:3a:46:0b:d8 |
May 21 10:42:44 myLinuxVM cloud-init[518]: ci-info: |   lo   | True |         127.0.0.1          |   255.0.0.0   |  host  |         .         |
May 21 10:42:44 myLinuxVM cloud-init[518]: ci-info: |   lo   | True |          ::1/128           |       .       |  host  |         .         |
May 21 10:42:44 myLinuxVM cloud-init[518]: ci-info: +--------+------+----------------------------+---------------+--------+-------------------+
May 21 10:42:44 myLinuxVM cloud-init[518]: ci-info: ++++++++++++++++++++++++++++++Route IPv4 info+++++++++++++++++++++++++++++++
May 21 10:42:44 myLinuxVM cloud-init[518]: ci-info: +-------+-----------------+----------+-----------------+-----------+-------+
May 21 10:42:44 myLinuxVM cloud-init[518]: ci-info: | Route |   Destination   | Gateway  |     Genmask     | Interface | Flags |
May 21 10:42:44 myLinuxVM cloud-init[518]: ci-info: +-------+-----------------+----------+-----------------+-----------+-------+
May 21 10:42:44 myLinuxVM cloud-init[518]: ci-info: |   0   |     0.0.0.0     | 10.0.0.1 |     0.0.0.0     |    eth0   |   UG  |
May 21 10:42:44 myLinuxVM cloud-init[518]: ci-info: |   1   |     10.0.0.0    | 0.0.0.0  |  255.255.255.0  |    eth0   |   U   |
May 21 10:42:44 myLinuxVM cloud-init[518]: ci-info: |   2   |     10.0.0.1    | 0.0.0.0  | 255.255.255.255 |    eth0   |   UH  |
May 21 10:42:44 myLinuxVM cloud-init[518]: ci-info: |   3   |  168.63.129.16  | 10.0.0.1 | 255.255.255.255 |    eth0   |  UGH  |
May 21 10:42:44 myLinuxVM cloud-init[518]: ci-info: |   4   | 169.254.169.254 | 10.0.0.1 | 255.255.255.255 |    eth0   |  UGH  |
May 21 10:42:44 myLinuxVM cloud-init[518]: ci-info: +-------+-----------------+----------+-----------------+-----------+-------+
May 21 10:42:44 myLinuxVM cloud-init[518]: ci-info: +++++++++++++++++++Route IPv6 info+++++++++++++++++++
May 21 10:42:44 myLinuxVM cloud-init[518]: ci-info: +-------+-------------+---------+-----------+-------+
May 21 10:42:44 myLinuxVM cloud-init[518]: ci-info: | Route | Destination | Gateway | Interface | Flags |
May 21 10:42:44 myLinuxVM cloud-init[518]: ci-info: +-------+-------------+---------+-----------+-------+
May 21 10:42:44 myLinuxVM cloud-init[518]: ci-info: |   1   |  fe80::/64  |    ::   |    eth0   |   U   |
May 21 10:42:44 myLinuxVM cloud-init[518]: ci-info: |   3   |    local    |    ::   |    eth0   |   U   |
May 21 10:42:44 myLinuxVM kernel: [    0.000000] Command line: BOOT_IMAGE=/boot/vmlinuz-6.8.0-1028-azure root=PARTUUID=a827258b-ea51-4403-bd26-e72a9ab97f33 ro console=tty1 console=ttyS0 earlyprintk=ttyS0 nvme_core.io_timeout=240 panic=-1
May 21 10:42:44 myLinuxVM kernel: [    0.000000] KERNEL supported cpus:
May 21 10:42:44 myLinuxVM kernel: [    0.000000]   Intel GenuineIntel
May 21 10:42:44 myLinuxVM kernel: [    0.000000]   AMD AuthenticAMD
May 21 10:42:44 myLinuxVM kernel: [    0.000000]   Hygon HygonGenuine
May 21 10:42:44 myLinuxVM kernel: [    0.000000]   Centaur CentaurHauls
May 21 10:42:44 myLinuxVM kernel: [    0.000000]   zhaoxin   Shanghai  
May 21 10:42:44 myLinuxVM kernel: [    0.000000] BIOS-provided physical RAM map:
May 21 10:42:44 myLinuxVM kernel: [    0.000000] BIOS-e820: [mem 0x0000000000000000-0x000000000009ffff] usable
May 21 10:42:44 myLinuxVM kernel: [    0.000000] BIOS-e820: [mem 0x00000000000c0000-0x00000000000fffff] reserved
May 21 10:42:44 myLinuxVM kernel: [    0.000000] BIOS-e820: [mem 0x0000000000100000-0x00000000019eefff] usable
May 21 10:42:44 myLinuxVM kernel: [    0.000000] BIOS-e820: [mem 0x00000000019ef000-0x00000000019f0fff] reserved
May 21 10:42:44 myLinuxVM kernel: [    0.000000] BIOS-e820: [mem 0x00000000019f1000-0x00000000019fffff] usable
May 21 10:42:44 myLinuxVM kernel: [    0.000000] BIOS-e820: [mem 0x0000000004c00000-0x00000000379f9fff] usable
May 21 10:42:44 myLinuxVM kernel: [    0.000000] BIOS-e820: [mem 0x00000000379fa000-0x0000000037a06fff] ACPI data
May 21 10:42:44 myLinuxVM kernel: [    0.000000] BIOS-e820: [mem 0x0000000037a07000-0x000000003eb38fff] usable
May 21 10:42:44 myLinuxVM kernel: [    0.000000] BIOS-e820: [mem 0x000000003eb39000-0x000000003eb40fff] ACPI NVS
May 21 10:42:44 myLinuxVM kernel: [    0.000000] BIOS-e820: [mem 0x000000003eb41000-0x000000003ff40fff] usable
May 21 10:42:44 myLinuxVM kernel: [    0.000000] BIOS-e820: [mem 0x000000003ff41000-0x000000003ffc8fff] reserved
May 21 10:42:44 myLinuxVM kernel: [    0.000000] BIOS-e820: [mem 0x000000003ffc9000-0x000000003fffafff] ACPI data
May 21 10:42:44 myLinuxVM kernel: [    0.000000] BIOS-e820: [mem 0x000000003fffb000-0x000000003fffefff] ACPI NVS
May 21 10:42:44 myLinuxVM kernel: [    0.000000] BIOS-e820: [mem 0x000000003ffff000-0x000000003fffffff] usable
May 21 10:42:44 myLinuxVM kernel: [    0.000000] printk: legacy bootconsole [earlyser0] enabled
May 21 10:42:44 myLinuxVM kernel: [    0.000000] NX (Execute Disable) protection: active
May 21 10:42:44 myLinuxVM kernel: [    0.000000] APIC: Static calls initialized
May 21 10:42:44 myLinuxVM kernel: [    0.000000] efi: EFI v2.7 by Microsoft
May 21 10:42:44 myLinuxVM kernel: [    0.000000] efi: ACPI=0x3fffa000 ACPI 2.0=0x3fffa014 SMBIOS=0x3ff85000 SMBIOS 3.0=0x3ff83000 TPMFinalLog=0x3eb39000 MEMATTR=0x3ee50018 MOKvar=0x3ff81000 RNG=0x3ffd0018 TPMEventLog=0x379fa018 
May 21 10:42:44 myLinuxVM kernel: [    0.000000] random: crng init done
May 21 10:42:44 myLinuxVM kernel: [    0.000000] secureboot: Secure boot enabled
May 21 10:42:44 myLinuxVM kernel: [    0.000000] Kernel is locked down from EFI Secure Boot mode; see man kernel_lockdown.7
May 21 10:42:44 myLinuxVM kernel: [    0.000000] SMBIOS 3.1.0 present.
May 21 10:42:44 myLinuxVM kernel: [    0.000000] DMI: Microsoft Corporation Virtual Machine/Virtual Machine, BIOS Hyper-V UEFI Release v4.1 05/13/2024
May 21 10:42:44 myLinuxVM kernel: [    0.000000] Hypervisor detected: Microsoft Hyper-V
May 21 10:42:44 myLinuxVM kernel: [    0.000000] Hyper-V: privilege flags low 0x2e7f, high 0x3b8030, hints 0x1e2e24, misc 0xc0bed7b2
May 21 10:42:44 myLinuxVM kernel: [    0.000000] Hyper-V: Host Build 10.0.20348.1827-1-0
May 21 10:42:44 myLinuxVM kernel: [    0.000000] Hyper-V: Nested features: 0x0
May 21 10:42:44 myLinuxVM kernel: [    0.000000] Hyper-V: LAPIC Timer Frequency: 0x30d40
May 21 10:42:44 myLinuxVM kernel: [    0.000000] Hyper-V: Using hypercall for remote TLB flush
May 21 10:42:44 myLinuxVM kernel: [    0.000000] clocksource: hyperv_clocksource_tsc_page: mask: 0xffffffffffffffff max_cycles: 0x24e6a1710, max_idle_ns: 440795202120 ns
May 21 10:42:44 myLinuxVM kernel: [    0.000018] clocksource: hyperv_clocksource_msr: mask: 0xffffffffffffffff max_cycles: 0x24e6a1710, max_idle_ns: 440795202120 ns
May 21 10:42:44 myLinuxVM kernel: [    0.006349] tsc: Marking TSC unstable due to running on Hyper-V
May 21 10:42:44 myLinuxVM kernel: [    0.013568] tsc: Detected 2294.686 MHz processor
May 21 10:42:44 myLinuxVM kernel: [    0.016125] e820: update [mem 0x00000000-0x00000fff] usable ==> reserved
May 21 10:42:44 myLinuxVM kernel: [    0.016133] e820: remove [mem 0x000a0000-0x000fffff] usable
May 21 10:42:44 myLinuxVM kernel: [    0.016143] last_pfn = 0x40000 max_arch_pfn = 0x400000000
May 21 10:42:44 myLinuxVM kernel: [    0.018988] MTRR map: 3 entries (2 fixed + 1 variable; max 18), built from 8 variable MTRRs
May 21 10:42:44 myLinuxVM kernel: [    0.023506] x86/PAT: Configuration [0-7]: WB  WC  UC- UC  WB  WP  UC- WT  
May 21 10:42:44 myLinuxVM kernel: [    0.050344] Using GB pages for direct mapping
May 21 10:42:44 myLinuxVM kernel: [    0.053010] secureboot: Secure boot enabled
May 21 10:42:44 myLinuxVM kernel: [    0.055162] ACPI: Early table checksum verification disabled
May 21 10:42:44 myLinuxVM kernel: [    0.057866] ACPI: RSDP 0x000000003FFFA014 000024 (v02 VRTUAL)
May 21 10:42:44 myLinuxVM kernel: [    0.060941] ACPI: XSDT 0x000000003FFF90E8 00006C (v01 VRTUAL MICROSFT 00000001 MSFT 00000001)
May 21 10:42:44 myLinuxVM kernel: [    0.065738] ACPI: FACP 0x000000003FFF8000 000114 (v06 VRTUAL MICROSFT 00000001 MSFT 00000001)
May 21 10:42:44 myLinuxVM kernel: [    0.069807] ACPI: DSDT 0x000000003FFD6000 01E184 (v02 MSFTVM DSDT01   00000001 MSFT 05000000)
May 21 10:42:44 myLinuxVM kernel: [    0.073950] ACPI: FACS 0x000000003FFFE000 000040
May 21 10:42:44 myLinuxVM kernel: [    0.076131] ACPI: OEM0 0x000000003FFF7000 000064 (v01 VRTUAL MICROSFT 00000001 MSFT 00000001)
May 21 10:42:44 myLinuxVM kernel: [    0.080355] ACPI: SPCR 0x000000003FFF6000 000050 (v02 VRTUAL MICROSFT 00000001 MSFT 00000001)
May 21 10:42:44 myLinuxVM kernel: [    0.084632] ACPI: WAET 0x000000003FFF5000 000028 (v01 VRTUAL MICROSFT 00000001 MSFT 00000001)
May 21 10:42:44 myLinuxVM kernel: [    0.088977] ACPI: APIC 0x000000003FFD5000 000050 (v04 VRTUAL MICROSFT 00000001 MSFT 00000001)
May 21 10:42:44 myLinuxVM kernel: [    0.093160] ACPI: SRAT 0x000000003FFD4000 000298 (v02 VRTUAL MICROSFT 00000001 MSFT 00000001)
May 21 10:42:44 myLinuxVM kernel: [    0.097680] ACPI: TPM2 0x000000003FFD3000 000034 (v03 VRTUAL VTPM     00000001 MSFT 00000001)
May 21 10:42:44 myLinuxVM kernel: [    0.102245] ACPI: BGRT 0x000000003FFD2000 000038 (v01 VRTUAL MICROSFT 00000001 MSFT 00000001)
May 21 10:42:44 myLinuxVM kernel: [    0.106824] ACPI: FPDT 0x000000003FFD1000 000034 (v01 VRTUAL MICROSFT 00000001 MSFT 00000001)
May 21 10:42:44 myLinuxVM kernel: [    0.111170] ACPI: Reserving FACP table memory at [mem 0x3fff8000-0x3fff8113]
May 21 10:42:44 myLinuxVM kernel: [    0.115096] ACPI: Reserving DSDT table memory at [mem 0x3ffd6000-0x3fff4183]
May 21 10:42:44 myLinuxVM kernel: [    0.118710] ACPI: Reserving FACS table memory at [mem 0x3fffe000-0x3fffe03f]
May 21 10:42:44 myLinuxVM kernel: [    0.122002] ACPI: Reserving OEM0 table memory at [mem 0x3fff7000-0x3fff7063]
May 21 10:42:44 myLinuxVM kernel: [    0.125459] ACPI: Reserving SPCR table memory at [mem 0x3fff6000-0x3fff604f]
May 21 10:42:44 myLinuxVM kernel: [    0.128971] ACPI: Reserving WAET table memory at [mem 0x3fff5000-0x3fff5027]
May 21 10:42:44 myLinuxVM kernel: [    0.132672] ACPI: Reserving APIC table memory at [mem 0x3ffd5000-0x3ffd504f]
May 21 10:42:44 myLinuxVM kernel: [    0.136061] ACPI: Reserving SRAT table memory at [mem 0x3ffd4000-0x3ffd4297]
May 21 10:42:44 myLinuxVM kernel: [    0.139313] ACPI: Reserving TPM2 table memory at [mem 0x3ffd3000-0x3ffd3033]
May 21 10:42:44 myLinuxVM kernel: [    0.143457] ACPI: Reserving BGRT table memory at [mem 0x3ffd2000-0x3ffd2037]
May 21 10:42:44 myLinuxVM kernel: [    0.147119] ACPI: Reserving FPDT table memory at [mem 0x3ffd1000-0x3ffd1033]
May 21 10:42:44 myLinuxVM kernel: [    0.150691] SRAT: PXM 0 -> APIC 0x00 -> Node 0
May 21 10:42:44 myLinuxVM kernel: [    0.152723] ACPI: SRAT: Node 0 PXM 0 [mem 0x00000000-0x3fffffff] hotplug
May 21 10:42:44 myLinuxVM kernel: [    0.155856] ACPI: SRAT: Node 0 PXM 0 [mem 0x100000000-0xfdfffffff] hotplug
May 21 10:42:44 myLinuxVM kernel: [    0.159125] ACPI: SRAT: Node 0 PXM 0 [mem 0x1000000000-0xffffffffff] hotplug
May 21 10:42:44 myLinuxVM kernel: [    0.164620] ACPI: SRAT: Node 0 PXM 0 [mem 0x10000000000-0x1ffffffffff] hotplug
May 21 10:42:44 myLinuxVM kernel: [    0.168488] ACPI: SRAT: Node 0 PXM 0 [mem 0x20000000000-0x3ffffffffff] hotplug
May 21 10:42:44 myLinuxVM kernel: [    0.174826] ACPI: SRAT: Node 0 PXM 0 [mem 0x40000000000-0x7ffffffffff] hotplug
May 21 10:42:44 myLinuxVM kernel: [    0.178646] ACPI: SRAT: Node 0 PXM 0 [mem 0x80000000000-0xfffffffffff] hotplug
May 21 10:42:44 myLinuxVM kernel: [    0.182168] ACPI: SRAT: Node 0 PXM 0 [mem 0x100000000000-0x1fffffffffff] hotplug
May 21 10:42:44 myLinuxVM kernel: [    0.186459] ACPI: SRAT: Node 0 PXM 0 [mem 0x200000000000-0x3fffffffffff] hotplug
May 21 10:42:44 myLinuxVM kernel: [    0.190034] ACPI: SRAT: Node 0 PXM 0 [mem 0x400000000000-0x7fffffffffff] hotplug
May 21 10:42:44 myLinuxVM kernel: [    0.193536] ACPI: SRAT: Node 0 PXM 0 [mem 0x800000000000-0xffffffffffff] hotplug
May 21 10:42:44 myLinuxVM kernel: [    0.196978] ACPI: SRAT: Node 0 PXM 0 [mem 0x1000000000000-0x1ffffffffffff] hotplug
May 21 10:42:44 myLinuxVM kernel: [    0.200680] ACPI: SRAT: Node 0 PXM 0 [mem 0x2000000000000-0x3ffffffffffff] hotplug
May 21 10:42:44 myLinuxVM kernel: [    0.204055] ACPI: SRAT: Node 0 PXM 0 [mem 0x4000000000000-0x7ffffffffffff] hotplug
May 21 10:42:44 myLinuxVM kernel: [    0.208682] ACPI: SRAT: Node 0 PXM 0 [mem 0x8000000000000-0xfffffffffffff] hotplug
May 21 10:42:44 myLinuxVM kernel: [    0.212037] NODE_DATA(0) allocated [mem 0x3fbb2000-0x3fbdcfff]
May 21 10:42:44 myLinuxVM kernel: [    0.215082] Zone ranges:
May 21 10:42:44 myLinuxVM kernel: [    0.216280]   DMA      [mem 0x0000000000001000-0x0000000000ffffff]
May 21 10:42:44 myLinuxVM kernel: [    0.219360]   DMA32    [mem 0x0000000001000000-0x000000003fffffff]
May 21 10:42:44 myLinuxVM kernel: [    0.222333]   Normal   empty
May 21 10:42:44 myLinuxVM kernel: [    0.223864]   Device   empty
May 21 10:42:44 myLinuxVM kernel: [    0.225407] Movable zone start for each node
May 21 10:42:44 myLinuxVM kernel: [    0.227588] Early memory node ranges
May 21 10:42:44 myLinuxVM kernel: [    0.229290]   node   0: [mem 0x0000000000001000-0x000000000009ffff]
May 21 10:42:44 myLinuxVM kernel: [    0.233485]   node   0: [mem 0x0000000000100000-0x00000000019eefff]
May 21 10:42:44 myLinuxVM kernel: [    0.236651]   node   0: [mem 0x00000000019f1000-0x00000000019fffff]
May 21 10:42:44 myLinuxVM kernel: [    0.239780]   node   0: [mem 0x0000000004c00000-0x00000000379f9fff]
May 21 10:42:44 myLinuxVM kernel: [    0.243157]   node   0: [mem 0x0000000037a07000-0x000000003eb38fff]
May 21 10:42:44 myLinuxVM kernel: [    0.246322]   node   0: [mem 0x000000003eb41000-0x000000003ff40fff]
May 21 10:42:44 myLinuxVM kernel: [    0.249490]   node   0: [mem 0x000000003ffff000-0x000000003fffffff]
May 21 10:42:44 myLinuxVM kernel: [    0.252847] Initmem setup node 0 [mem 0x0000000000001000-0x000000003fffffff]
May 21 10:42:44 myLinuxVM kernel: [    0.256724] On node 0, zone DMA: 1 pages in unavailable ranges
May 21 10:42:44 myLinuxVM kernel: [    0.259615] On node 0, zone DMA: 96 pages in unavailable ranges
May 21 10:42:44 myLinuxVM kernel: [    0.262284] On node 0, zone DMA32: 2 pages in unavailable ranges
May 21 10:42:44 myLinuxVM kernel: [    0.267669] On node 0, zone DMA32: 12800 pages in unavailable ranges
May 21 10:42:44 myLinuxVM kernel: [    0.271190] On node 0, zone DMA32: 13 pages in unavailable ranges
May 21 10:42:44 myLinuxVM kernel: [    0.274482] On node 0, zone DMA32: 8 pages in unavailable ranges
May 21 10:42:44 myLinuxVM kernel: [    0.277267] On node 0, zone DMA32: 190 pages in unavailable ranges
May 21 10:42:44 myLinuxVM kernel: [    0.280562] ACPI: PM-Timer IO Port: 0x408
May 21 10:42:44 myLinuxVM kernel: [    0.282949] ACPI: LAPIC_NMI (acpi_id[0x01] dfl dfl lint[0x1])
May 21 10:42:44 myLinuxVM kernel: [    0.288957] IOAPIC[0]: apic_id 1, version 17, address 0xfec00000, GSI 0-23
May 21 10:42:44 myLinuxVM kernel: [    0.292140] ACPI: INT_SRC_OVR (bus 0 bus_irq 9 global_irq 9 high level)
May 21 10:42:44 myLinuxVM kernel: [    0.295961] ACPI: Using ACPI (MADT) for SMP configuration information
May 21 10:42:44 myLinuxVM kernel: [    0.299296] ACPI: SPCR: console: uart,io,0x3f8,115200
May 21 10:42:44 myLinuxVM kernel: [    0.302070] smpboot: Allowing 1 CPUs, 0 hotplug CPUs
May 21 10:42:44 myLinuxVM kernel: [    0.304836] PM: hibernation: Registered nosave memory: [mem 0x00000000-0x00000fff]
May 21 10:42:44 myLinuxVM kernel: [    0.308949] PM: hibernation: Registered nosave memory: [mem 0x000a0000-0x000bffff]
May 21 10:42:44 myLinuxVM kernel: [    0.313016] PM: hibernation: Registered nosave memory: [mem 0x000c0000-0x000fffff]
May 21 10:42:44 myLinuxVM kernel: [    0.316809] PM: hibernation: Registered nosave memory: [mem 0x019ef000-0x019f0fff]
May 21 10:42:44 myLinuxVM kernel: [    0.320756] PM: hibernation: Registered nosave memory: [mem 0x01a00000-0x04bfffff]
May 21 10:42:44 myLinuxVM kernel: [    0.324901] PM: hibernation: Registered nosave memory: [mem 0x379fa000-0x37a06fff]
May 21 10:42:44 myLinuxVM kernel: [    0.328723] PM: hibernation: Registered nosave memory: [mem 0x3eb39000-0x3eb40fff]
May 21 10:42:44 myLinuxVM kernel: [    0.332579] PM: hibernation: Registered nosave memory: [mem 0x3ff41000-0x3ffc8fff]
May 21 10:42:44 myLinuxVM kernel: [    0.336324] PM: hibernation: Registered nosave memory: [mem 0x3ffc9000-0x3fffafff]
May 21 10:42:44 myLinuxVM kernel: [    0.340092] PM: hibernation: Registered nosave memory: [mem 0x3fffb000-0x3fffefff]
May 21 10:42:44 myLinuxVM kernel: [    0.343480] [mem 0x40000000-0xffffffff] available for PCI devices
May 21 10:42:44 myLinuxVM kernel: [    0.346330] Booting paravirtualized kernel on Hyper-V
May 21 10:42:44 myLinuxVM kernel: [    0.348869] clocksource: refined-jiffies: mask: 0xffffffff max_cycles: 0xffffffff, max_idle_ns: 1910969940391419 ns
May 21 10:42:44 myLinuxVM kernel: [    0.354096] setup_percpu: NR_CPUS:8192 nr_cpumask_bits:1 nr_cpu_ids:1 nr_node_ids:1
May 21 10:42:44 myLinuxVM kernel: [    0.358358] percpu: Embedded 84 pages/cpu s221184 r8192 d114688 u2097152
May 21 10:42:44 myLinuxVM kernel: [    0.361823] pcpu-alloc: s221184 r8192 d114688 u2097152 alloc=1*2097152
May 21 10:42:44 myLinuxVM kernel: [    0.361829] pcpu-alloc: [0] 0 
May 21 10:42:44 myLinuxVM kernel: [    0.361864] Hyper-V: PV spinlocks enabled
May 21 10:42:44 myLinuxVM kernel: [    0.363990] PV qspinlock hash table entries: 256 (order: 0, 4096 bytes, linear)
May 21 10:42:44 myLinuxVM kernel: [    0.367618] Kernel command line: BOOT_IMAGE=/boot/vmlinuz-6.8.0-1028-azure root=PARTUUID=a827258b-ea51-4403-bd26-e72a9ab97f33 ro console=tty1 console=ttyS0 earlyprintk=ttyS0 nvme_core.io_timeout=240 panic=-1
May 21 10:42:44 myLinuxVM kernel: [    0.377143] Unknown kernel command line parameters "BOOT_IMAGE=/boot/vmlinuz-6.8.0-1028-azure", will be passed to user space.
May 21 10:42:44 myLinuxVM kernel: [    0.383298] Dentry cache hash table entries: 131072 (order: 8, 1048576 bytes, linear)
May 21 10:42:44 myLinuxVM kernel: [    0.387101] Inode-cache hash table entries: 65536 (order: 7, 524288 bytes, linear)
May 21 10:42:44 myLinuxVM kernel: [    0.390791] Fallback order for Node 0: 0 
May 21 10:42:44 myLinuxVM kernel: [    0.390796] Built 1 zonelists, mobility grouping on.  Total pages: 243457
May 21 10:42:44 myLinuxVM kernel: [    0.395873] Policy zone: DMA32
May 21 10:42:44 myLinuxVM kernel: [    0.397388] mem auto-init: stack:off, heap alloc:on, heap free:off
May 21 10:42:44 myLinuxVM kernel: [    0.402333] software IO TLB: area num 1.
May 21 10:42:44 myLinuxVM kernel: [    0.433051] Memory: 849932K/996136K available (20480K kernel code, 4337K rwdata, 13564K rodata, 4756K init, 5060K bss, 145944K reserved, 0K cma-reserved)
May 21 10:42:44 myLinuxVM kernel: [    0.442007] SLUB: HWalign=64, Order=0-3, MinObjects=0, CPUs=1, Nodes=1
May 21 10:42:44 myLinuxVM kernel: [    0.445417] Kernel/User page tables isolation: enabled
May 21 10:42:44 myLinuxVM kernel: [    0.449833] ftrace: allocating 57003 entries in 223 pages
May 21 10:42:44 myLinuxVM kernel: [    0.467368] ftrace: allocated 223 pages with 7 groups
May 21 10:42:44 myLinuxVM kernel: [    0.470490] rcu: Hierarchical RCU implementation.
May 21 10:42:44 myLinuxVM kernel: [    0.472850] rcu: 	RCU restricting CPUs from NR_CPUS=8192 to nr_cpu_ids=1.
May 21 10:42:44 myLinuxVM kernel: [    0.476203] 	Rude variant of Tasks RCU enabled.
May 21 10:42:44 myLinuxVM kernel: [    0.478571] 	Tracing variant of Tasks RCU enabled.
May 21 10:42:44 myLinuxVM kernel: [    0.480668] rcu: RCU calculated value of scheduler-enlistment delay is 100 jiffies.
May 21 10:42:44 myLinuxVM kernel: [    0.484621] rcu: Adjusting geometry for rcu_fanout_leaf=16, nr_cpu_ids=1
May 21 10:42:44 myLinuxVM kernel: [    0.491501] Using NULL legacy PIC
May 21 10:42:44 myLinuxVM kernel: [    0.493323] NR_IRQS: 524544, nr_irqs: 256, preallocated irqs: 0
May 21 10:42:44 myLinuxVM kernel: [    0.496309] rcu: srcu_init: Setting srcu_struct sizes based on contention.
May 21 10:42:44 myLinuxVM kernel: [    0.500425] Console: colour dummy device 80x25
May 21 10:42:44 myLinuxVM kernel: [    0.504265] printk: legacy console [tty1] enabled
May 21 10:42:44 myLinuxVM kernel: [    0.508560] printk: legacy console [ttyS0] enabled
May 21 10:42:44 myLinuxVM kernel: [    0.513435] printk: legacy bootconsole [earlyser0] disabled
May 21 10:42:44 myLinuxVM kernel: [    0.519110] ACPI: Core revision 20230628
May 21 10:42:44 myLinuxVM kernel: [    0.523142] Failed to register legacy timer interrupt
May 21 10:42:44 myLinuxVM kernel: [    0.527173] APIC: Switch to symmetric I/O mode setup
May 21 10:42:44 myLinuxVM kernel: [    0.537876] x2apic enabled
May 21 10:42:44 myLinuxVM kernel: [    0.546559] APIC: Switched APIC routing to: physical x2apic
May 21 10:42:44 myLinuxVM kernel: [    0.549576] Hyper-V: enabling crash_kexec_post_notifiers
May 21 10:42:44 myLinuxVM kernel: [    0.552521] Hyper-V: Using IPI hypercalls
May 21 10:42:44 myLinuxVM kernel: [    0.554536] APIC: send_IPI() replaced with hv_send_ipi()
May 21 10:42:44 myLinuxVM kernel: [    0.557341] APIC: send_IPI_mask() replaced with hv_send_ipi_mask()
May 21 10:42:44 myLinuxVM kernel: [    0.560362] APIC: send_IPI_mask_allbutself() replaced with hv_send_ipi_mask_allbutself()
May 21 10:42:44 myLinuxVM kernel: [    0.564303] APIC: send_IPI_allbutself() replaced with hv_send_ipi_allbutself()
May 21 10:42:44 myLinuxVM kernel: [    0.567890] APIC: send_IPI_all() replaced with hv_send_ipi_all()
May 21 10:42:44 myLinuxVM kernel: [    0.571237] APIC: send_IPI_self() replaced with hv_send_ipi_self()
May 21 10:42:44 myLinuxVM kernel: [    0.574354] Calibrating delay loop (skipped), value calculated using timer frequency.. 4589.37 BogoMIPS (lpj=2294686)
May 21 10:42:44 myLinuxVM kernel: [    0.575349] Last level iTLB entries: 4KB 64, 2MB 8, 4MB 8
May 21 10:42:44 myLinuxVM kernel: [    0.575349] Last level dTLB entries: 4KB 64, 2MB 0, 4MB 0, 1GB 4
May 21 10:42:44 myLinuxVM kernel: [    0.575349] Spectre V1 : Mitigation: usercopy/swapgs barriers and __user pointer sanitization
May 21 10:42:44 myLinuxVM kernel: [    0.575349] Spectre V2 : Mitigation: Retpolines
May 21 10:42:44 myLinuxVM kernel: [    0.575349] Spectre V2 : Spectre v2 / SpectreRSB mitigation: Filling RSB on context switch
May 21 10:42:44 myLinuxVM kernel: [    0.575349] Spectre V2 : Spectre v2 / SpectreRSB : Filling RSB on VMEXIT
May 21 10:42:44 myLinuxVM kernel: [    0.575349] Speculative Store Bypass: Vulnerable
May 21 10:42:44 myLinuxVM kernel: [    0.575349] MDS: Vulnerable: Clear CPU buffers attempted, no microcode
May 21 10:42:44 myLinuxVM kernel: [    0.575349] TAA: Vulnerable: Clear CPU buffers attempted, no microcode
May 21 10:42:44 myLinuxVM kernel: [    0.575349] MMIO Stale Data: Vulnerable: Clear CPU buffers attempted, no microcode
May 21 10:42:44 myLinuxVM kernel: [    0.575349] x86/fpu: Supporting XSAVE feature 0x001: 'x87 floating point registers'
May 21 10:42:44 myLinuxVM kernel: [    0.575349] x86/fpu: Supporting XSAVE feature 0x002: 'SSE registers'
May 21 10:42:44 myLinuxVM kernel: [    0.575349] x86/fpu: Supporting XSAVE feature 0x004: 'AVX registers'
May 21 10:42:44 myLinuxVM kernel: [    0.575349] x86/fpu: xstate_offset[2]:  576, xstate_sizes[2]:  256
May 21 10:42:44 myLinuxVM kernel: [    0.575349] x86/fpu: Enabled xstate features 0x7, context size is 832 bytes, using 'standard' format.
May 21 10:42:44 myLinuxVM kernel: [    0.575349] Freeing SMP alternatives memory: 48K
May 21 10:42:44 myLinuxVM kernel: [    0.575349] pid_max: default: 32768 minimum: 301
May 21 10:42:44 myLinuxVM kernel: [    0.575349] LSM: initializing lsm=lockdown,capability,landlock,yama,apparmor,integrity
May 21 10:42:44 myLinuxVM kernel: [    0.575349] landlock: Up and running.
May 21 10:42:44 myLinuxVM kernel: [    0.575349] Yama: becoming mindful.
May 21 10:42:44 myLinuxVM kernel: [    0.575349] AppArmor: AppArmor initialized
May 21 10:42:44 myLinuxVM kernel: [    0.575349] Mount-cache hash table entries: 2048 (order: 2, 16384 bytes, linear)
May 21 10:42:44 myLinuxVM kernel: [    0.575349] Mountpoint-cache hash table entries: 2048 (order: 2, 16384 bytes, linear)
May 21 10:42:44 myLinuxVM kernel: [    0.575349] smpboot: CPU0: Intel(R) Xeon(R) CPU E5-2673 v4 @ 2.30GHz (family: 0x6, model: 0x4f, stepping: 0x1)
May 21 10:42:44 myLinuxVM kernel: [    0.575594] RCU Tasks Rude: Setting shift to 0 and lim to 1 rcu_task_cb_adjust=1 rcu_task_cpu_ids=1.
May 21 10:42:44 myLinuxVM kernel: [    0.576443] RCU Tasks Trace: Setting shift to 0 and lim to 1 rcu_task_cb_adjust=1 rcu_task_cpu_ids=1.
May 21 10:42:44 myLinuxVM kernel: [    0.577391] Performance Events: unsupported p6 CPU model 79 no PMU driver, software events only.
May 21 10:42:44 myLinuxVM kernel: [    0.578408] signal: max sigframe size: 1776
May 21 10:42:44 myLinuxVM kernel: [    0.579450] rcu: Hierarchical SRCU implementation.
May 21 10:42:44 myLinuxVM kernel: [    0.580370] rcu: 	Max phase no-delay instances is 400.
May 21 10:42:44 myLinuxVM kernel: [    0.581782] NMI watchdog: Perf NMI watchdog permanently disabled
May 21 10:42:44 myLinuxVM kernel: [    0.582420] smp: Bringing up secondary CPUs ...
May 21 10:42:44 myLinuxVM kernel: [    0.583384] smp: Brought up 1 node, 1 CPU
May 21 10:42:44 myLinuxVM kernel: [    0.584362] smpboot: Max logical packages: 1
May 21 10:42:44 myLinuxVM kernel: [    0.585358] smpboot: Total of 1 processors activated (4589.37 BogoMIPS)
May 21 10:42:44 myLinuxVM kernel: [    0.586671] devtmpfs: initialized
May 21 10:42:44 myLinuxVM kernel: [    0.587428] x86/mm: Memory block size: 128MB
May 21 10:42:44 myLinuxVM kernel: [    0.588807] ACPI: PM: Registering ACPI NVS region [mem 0x3eb39000-0x3eb40fff] (32768 bytes)
May 21 10:42:44 myLinuxVM kernel: [    0.589382] ACPI: PM: Registering ACPI NVS region [mem 0x3fffb000-0x3fffefff] (16384 bytes)
May 21 10:42:44 myLinuxVM kernel: [    0.590466] clocksource: jiffies: mask: 0xffffffff max_cycles: 0xffffffff, max_idle_ns: 1911260446275000 ns
May 21 10:42:44 myLinuxVM kernel: [    0.591374] futex hash table entries: 256 (order: 2, 16384 bytes, linear)
May 21 10:42:44 myLinuxVM kernel: [    0.592511] pinctrl core: initialized pinctrl subsystem
May 21 10:42:44 myLinuxVM kernel: [    0.593773] PM: RTC time: 09:13:58, date: 2025-05-21
May 21 10:42:44 myLinuxVM kernel: [    0.595381] NET: Registered PF_NETLINK/PF_ROUTE protocol family
May 21 10:42:44 myLinuxVM kernel: [    0.596521] DMA: preallocated 128 KiB GFP_KERNEL pool for atomic allocations
May 21 10:42:44 myLinuxVM kernel: [    0.597392] DMA: preallocated 128 KiB GFP_KERNEL|GFP_DMA pool for atomic allocations
May 21 10:42:44 myLinuxVM kernel: [    0.598393] DMA: preallocated 128 KiB GFP_KERNEL|GFP_DMA32 pool for atomic allocations
May 21 10:42:44 myLinuxVM kernel: [    0.599383] audit: initializing netlink subsys (disabled)
May 21 10:42:44 myLinuxVM kernel: [    0.600440] audit: type=2000 audit(1747818838.026:1): state=initialized audit_enabled=0 res=1
May 21 10:42:44 myLinuxVM kernel: [    0.601557] thermal_sys: Registered thermal governor 'fair_share'
May 21 10:42:44 myLinuxVM kernel: [    0.601559] thermal_sys: Registered thermal governor 'bang_bang'
May 21 10:42:44 myLinuxVM kernel: [    0.602363] thermal_sys: Registered thermal governor 'step_wise'
May 21 10:42:44 myLinuxVM kernel: [    0.603358] thermal_sys: Registered thermal governor 'user_space'
May 21 10:42:44 myLinuxVM kernel: [    0.604358] thermal_sys: Registered thermal governor 'power_allocator'
May 21 10:42:44 myLinuxVM kernel: [    0.605398] EISA bus registered
May 21 10:42:44 myLinuxVM kernel: [    0.607374] cpuidle: using governor ladder
May 21 10:42:44 myLinuxVM kernel: [    0.608365] cpuidle: using governor menu
May 21 10:42:44 myLinuxVM kernel: [    0.609516] acpiphp: ACPI Hot Plug PCI Controller Driver version: 0.5
May 21 10:42:44 myLinuxVM kernel: [    0.610550] e820: reserve RAM buffer [mem 0x019ef000-0x03ffffff]
May 21 10:42:44 myLinuxVM kernel: [    0.610554] e820: reserve RAM buffer [mem 0x01a00000-0x03ffffff]
May 21 10:42:44 myLinuxVM kernel: [    0.610556] e820: reserve RAM buffer [mem 0x379fa000-0x37ffffff]
May 21 10:42:44 myLinuxVM kernel: [    0.610558] e820: reserve RAM buffer [mem 0x3eb39000-0x3fffffff]
May 21 10:42:44 myLinuxVM kernel: [    0.610559] e820: reserve RAM buffer [mem 0x3ff41000-0x3fffffff]
May 21 10:42:44 myLinuxVM kernel: [    0.610739] kprobes: kprobe jump-optimization is enabled. All kprobes are optimized if possible.
May 21 10:42:44 myLinuxVM kernel: [    0.658566] HugeTLB: registered 1.00 GiB page size, pre-allocated 0 pages
May 21 10:42:44 myLinuxVM kernel: [    0.659372] HugeTLB: 16380 KiB vmemmap can be freed for a 1.00 GiB page
May 21 10:42:44 myLinuxVM kernel: [    0.660370] HugeTLB: registered 2.00 MiB page size, pre-allocated 0 pages
May 21 10:42:44 myLinuxVM kernel: [    0.661369] HugeTLB: 28 KiB vmemmap can be freed for a 2.00 MiB page
May 21 10:42:44 myLinuxVM kernel: [    0.666501] ACPI: Added _OSI(Module Device)
May 21 10:42:44 myLinuxVM kernel: [    0.667368] ACPI: Added _OSI(Processor Device)
May 21 10:42:44 myLinuxVM kernel: [    0.668369] ACPI: Added _OSI(3.0 _SCP Extensions)
May 21 10:42:44 myLinuxVM kernel: [    0.669394] ACPI: Added _OSI(Processor Aggregator Device)
May 21 10:42:44 myLinuxVM kernel: [    0.683172] ACPI: 1 ACPI AML tables successfully acquired and loaded
May 21 10:42:44 myLinuxVM kernel: [    0.684679] ACPI: _OSC evaluation for CPUs failed, trying _PDC
May 21 10:42:44 myLinuxVM kernel: [    0.685462] ACPI: Interpreter enabled
May 21 10:42:44 myLinuxVM kernel: [    0.686383] ACPI: PM: (supports S0 S5)
May 21 10:42:44 myLinuxVM kernel: [    0.687365] ACPI: Using IOAPIC for interrupt routing
May 21 10:42:44 myLinuxVM kernel: [    0.688437] PCI: Using host bridge windows from ACPI; if necessary, use "pci=nocrs" and report a bug
May 21 10:42:44 myLinuxVM kernel: [    0.689359] PCI: Ignoring E820 reservations for host bridge windows
May 21 10:42:44 myLinuxVM kernel: [    0.690547] ACPI: Enabled 1 GPEs in block 00 to 0F
May 21 10:42:44 myLinuxVM kernel: [    0.692779] iommu: Default domain type: Translated
May 21 10:42:44 myLinuxVM kernel: [    0.693368] iommu: DMA domain TLB invalidation policy: lazy mode
May 21 10:42:44 myLinuxVM kernel: [    0.694614] SCSI subsystem initialized
May 21 10:42:44 myLinuxVM kernel: [    0.695465] libata version 3.00 loaded.
May 21 10:42:44 myLinuxVM kernel: [    0.695494] ACPI: bus type USB registered
May 21 10:42:44 myLinuxVM kernel: [    0.696419] usbcore: registered new interface driver usbfs
May 21 10:42:44 myLinuxVM kernel: [    0.697380] usbcore: registered new interface driver hub
May 21 10:42:44 myLinuxVM kernel: [    0.698378] usbcore: registered new device driver usb
May 21 10:42:44 myLinuxVM kernel: [    0.699418] pps_core: LinuxPPS API ver. 1 registered
May 21 10:42:44 myLinuxVM kernel: [    0.700368] pps_core: Software ver. 5.3.6 - Copyright 2005-2007 Rodolfo Giometti <giometti@linux.it>
May 21 10:42:44 myLinuxVM kernel: [    0.701378] PTP clock support registered
May 21 10:42:44 myLinuxVM kernel: [    0.702492] EDAC MC: Ver: 3.0.0
May 21 10:42:44 myLinuxVM kernel: [    0.703564] efivars: Registered efivars operations
May 21 10:42:44 myLinuxVM kernel: [    0.706360] hv_vmbus: Vmbus version:5.3
May 21 10:42:44 myLinuxVM kernel: [    0.707988] NetLabel: Initializing
May 21 10:42:44 myLinuxVM kernel: [    0.708368] NetLabel:  domain hash size = 128
May 21 10:42:44 myLinuxVM kernel: [    0.709368] NetLabel:  protocols = UNLABELED CIPSOv4 CALIPSO
May 21 10:42:44 myLinuxVM kernel: [    0.710389] NetLabel:  unlabeled traffic allowed by default
May 21 10:42:44 myLinuxVM kernel: [    0.711466] mctp: management component transport protocol core
May 21 10:42:44 myLinuxVM kernel: [    0.712357] NET: Registered PF_MCTP protocol family
May 21 10:42:44 myLinuxVM kernel: [    0.713375] PCI: Using ACPI for IRQ routing
May 21 10:42:44 myLinuxVM kernel: [    0.714368] PCI: System does not support PCI
May 21 10:42:44 myLinuxVM kernel: [    0.715443] vgaarb: loaded
May 21 10:42:44 myLinuxVM kernel: [    0.716519] clocksource: Switched to clocksource hyperv_clocksource_tsc_page
May 21 10:42:44 myLinuxVM kernel: [    0.721314] VFS: Disk quotas dquot_6.6.0
May 21 10:42:44 myLinuxVM kernel: [    0.723367] VFS: Dquot-cache hash table entries: 512 (order 0, 4096 bytes)
May 21 10:42:44 myLinuxVM kernel: [    0.726958] AppArmor: AppArmor Filesystem Enabled
May 21 10:42:44 myLinuxVM kernel: [    0.729339] pnp: PnP ACPI init
May 21 10:42:44 myLinuxVM kernel: [    0.731176] pnp: PnP ACPI: found 3 devices
May 21 10:42:44 myLinuxVM kernel: [    0.739661] clocksource: acpi_pm: mask: 0xffffff max_cycles: 0xffffff, max_idle_ns: 2085701024 ns
May 21 10:42:44 myLinuxVM kernel: [    0.747904] NET: Registered PF_INET protocol family
May 21 10:42:44 myLinuxVM kernel: [    0.751079] IP idents hash table entries: 16384 (order: 5, 131072 bytes, linear)
May 21 10:42:44 myLinuxVM kernel: [    0.771693] tcp_listen_portaddr_hash hash table entries: 512 (order: 1, 8192 bytes, linear)
May 21 10:42:44 myLinuxVM kernel: [    0.775955] Table-perturb hash table entries: 65536 (order: 6, 262144 bytes, linear)
May 21 10:42:44 myLinuxVM kernel: [    0.779456] TCP established hash table entries: 8192 (order: 4, 65536 bytes, linear)
May 21 10:42:44 myLinuxVM kernel: [    0.783337] TCP bind hash table entries: 8192 (order: 6, 262144 bytes, linear)
May 21 10:42:44 myLinuxVM kernel: [    0.787497] TCP: Hash tables configured (established 8192 bind 8192)
May 21 10:42:44 myLinuxVM kernel: [    0.790650] MPTCP token hash table entries: 1024 (order: 2, 24576 bytes, linear)
May 21 10:42:44 myLinuxVM kernel: [    0.793911] UDP hash table entries: 512 (order: 2, 16384 bytes, linear)
May 21 10:42:44 myLinuxVM kernel: [    0.797020] UDP-Lite hash table entries: 512 (order: 2, 16384 bytes, linear)
May 21 10:42:44 myLinuxVM kernel: [    0.801456] NET: Registered PF_UNIX/PF_LOCAL protocol family
May 21 10:42:44 myLinuxVM kernel: [    0.804380] NET: Registered PF_XDP protocol family
May 21 10:42:44 myLinuxVM kernel: [    0.806919] PCI: CLS 0 bytes, default 64
May 21 10:42:44 myLinuxVM kernel: [    0.808846] PCI-DMA: Using software bounce buffering for IO (SWIOTLB)
May 21 10:42:44 myLinuxVM kernel: [    0.812625] software IO TLB: mapped [mem 0x0000000039a00000-0x000000003da00000] (64MB)
May 21 10:42:44 myLinuxVM kernel: [    0.817942] Initialise system trusted keyrings
May 21 10:42:44 myLinuxVM kernel: [    0.820157] Key type blacklist registered
May 21 10:42:44 myLinuxVM kernel: [    0.822125] workingset: timestamp_bits=36 max_order=18 bucket_order=0
May 21 10:42:44 myLinuxVM kernel: [    0.825762] zbud: loaded
May 21 10:42:44 myLinuxVM kernel: [    0.827425] squashfs: version 4.0 (2009/01/31) Phillip Lougher
May 21 10:42:44 myLinuxVM kernel: [    0.830685] fuse: init (API version 7.39)
May 21 10:42:44 myLinuxVM kernel: [    0.832820] integrity: Platform Keyring initialized
May 21 10:42:44 myLinuxVM kernel: [    0.835293] integrity: Machine keyring initialized
May 21 10:42:44 myLinuxVM kernel: [    0.853119] Key type asymmetric registered
May 21 10:42:44 myLinuxVM kernel: [    0.855503] Asymmetric key parser 'x509' registered
May 21 10:42:44 myLinuxVM kernel: [    0.858129] Block layer SCSI generic (bsg) driver version 0.4 loaded (major 244)
May 21 10:42:44 myLinuxVM kernel: [    0.862339] io scheduler mq-deadline registered
May 21 10:42:44 myLinuxVM kernel: [    0.864598] shpchp: Standard Hot Plug PCI Controller Driver version: 0.4
May 21 10:42:44 myLinuxVM kernel: [    0.867876] hv_vmbus: registering driver hv_pci
May 21 10:42:44 myLinuxVM kernel: [    0.872560] Serial: 8250/16550 driver, 32 ports, IRQ sharing enabled
May 21 10:42:44 myLinuxVM kernel: [    0.899050] 00:00: ttyS0 at I/O 0x3f8 (irq = 4, base_baud = 115200) is a 16550A
May 21 10:42:44 myLinuxVM kernel: [    0.905401] Linux agpgart interface v0.103
May 21 10:42:44 myLinuxVM kernel: [    0.907978] tpm_crb VTPM0101:00: [Firmware Bug]: Bad ACPI memory layout
May 21 10:42:44 myLinuxVM kernel: [    0.917741] loop: module loaded
May 21 10:42:44 myLinuxVM kernel: [    0.919720] hv_vmbus: registering driver hv_storvsc
May 21 10:42:44 myLinuxVM kernel: [    0.923707] Key type psk registered
May 21 10:42:44 myLinuxVM kernel: [    0.925869] scsi host0: storvsc_host_t
May 21 10:42:44 myLinuxVM kernel: [    0.927923] scsi host1: storvsc_host_t
May 21 10:42:44 myLinuxVM kernel: [    0.929846] ACPI: bus type drm_connector registered
May 21 10:42:44 myLinuxVM kernel: [    0.932390] scsi 0:0:0:0: Direct-Access     Msft     Virtual Disk     1.0  PQ: 0 ANSI: 5
May 21 10:42:44 myLinuxVM kernel: [    0.936816] tun: Universal TUN/TAP device driver, 1.6
May 21 10:42:44 myLinuxVM kernel: [    0.939595] PPP generic driver version 2.4.2
May 21 10:42:44 myLinuxVM kernel: [    0.942510] i8042: PNP: No PS/2 controller found.
May 21 10:42:44 myLinuxVM kernel: [    0.946363] mousedev: PS/2 mouse device common for all mice
May 21 10:42:44 myLinuxVM kernel: [    0.951642] rtc_cmos 00:02: registered as rtc0
May 21 10:42:44 myLinuxVM kernel: [    0.954411] scsi 0:0:0:1: Direct-Access     Msft     Virtual Disk     1.0  PQ: 0 ANSI: 5
May 21 10:42:44 myLinuxVM kernel: [    0.958487] rtc_cmos 00:02: setting system clock to 2025-05-21T09:13:58 UTC (1747818838)
May 21 10:42:44 myLinuxVM kernel: [    0.963048] rtc_cmos 00:02: alarms up to one month, 114 bytes nvram
May 21 10:42:44 myLinuxVM kernel: [    0.966562] device-mapper: core: CONFIG_IMA_DISABLE_HTABLE is disabled. Duplicate IMA measurements will not be recorded in the IMA log.
May 21 10:42:44 myLinuxVM kernel: [    0.972507] device-mapper: uevent: version 1.0.3
May 21 10:42:44 myLinuxVM kernel: [    0.975030] device-mapper: ioctl: 4.48.0-ioctl (2023-03-01) initialised: dm-devel@redhat.com
May 21 10:42:44 myLinuxVM kernel: [    0.979246] platform eisa.0: Probing EISA bus 0
May 21 10:42:44 myLinuxVM kernel: [    0.981982] platform eisa.0: EISA: Detected 0 cards
May 21 10:42:44 myLinuxVM kernel: [    0.984231] intel_pstate: Intel P-state driver initializing
May 21 10:42:44 myLinuxVM kernel: [    0.989311] [drm] Initialized simpledrm 1.0.0 20200625 for simple-framebuffer.0 on minor 0
May 21 10:42:44 myLinuxVM kernel: [    0.994774] scsi 0:0:0:2: CD-ROM            Msft     Virtual DVD-ROM  1.0  PQ: 0 ANSI: 0
May 21 10:42:44 myLinuxVM kernel: [    1.003375] Console: switching to colour frame buffer device 128x48
May 21 10:42:44 myLinuxVM kernel: [    1.011072] simple-framebuffer simple-framebuffer.0: [drm] fb0: simpledrmdrmfb frame buffer device
May 21 10:42:44 myLinuxVM kernel: [    1.020934] hv_utils: Registering HyperV Utility Driver
May 21 10:42:44 myLinuxVM kernel: [    1.024023] hv_vmbus: registering driver hv_utils
May 21 10:42:44 myLinuxVM kernel: [    1.028458] hv_utils: Heartbeat IC version 3.0
May 21 10:42:44 myLinuxVM kernel: [    1.032177] hv_vmbus: registering driver hv_balloon
May 21 10:42:44 myLinuxVM kernel: [    1.036876] hv_utils: Shutdown IC version 3.2
May 21 10:42:44 myLinuxVM kernel: [    1.040971] hv_utils: TimeSync IC version 4.0
May 21 10:42:44 myLinuxVM kernel: [    1.044776] hv_balloon: Using Dynamic Memory protocol version 2.0
May 21 10:42:44 myLinuxVM kernel: [    1.049126] drop_monitor: Initializing network drop monitor service
May 21 10:42:44 myLinuxVM kernel: [    1.054197] NET: Registered PF_INET6 protocol family
May 21 10:42:44 myLinuxVM kernel: [    1.058198] Segment Routing with IPv6
May 21 10:42:44 myLinuxVM kernel: [    1.060700] In-situ OAM (IOAM) with IPv6
May 21 10:42:44 myLinuxVM kernel: [    1.062969] NET: Registered PF_PACKET protocol family
May 21 10:42:44 myLinuxVM kernel: [    1.065820] Key type dns_resolver registered
May 21 10:42:44 myLinuxVM kernel: [    1.068853] sd 0:0:0:0: Attached scsi generic sg0 type 0
May 21 10:42:44 myLinuxVM kernel: [    1.071963] No MBM correction factor available
May 21 10:42:44 myLinuxVM kernel: [    1.074797] sd 0:0:0:0: [sda] 62916608 512-byte logical blocks: (32.2 GB/30.0 GiB)
May 21 10:42:44 myLinuxVM kernel: [    1.079693] sd 0:0:0:0: [sda] 4096-byte physical blocks
May 21 10:42:44 myLinuxVM kernel: [    1.082609] scsi 0:0:0:1: Attached scsi generic sg1 type 0
May 21 10:42:44 myLinuxVM kernel: [    1.085377] IPI shorthand broadcast: enabled
May 21 10:42:44 myLinuxVM kernel: [    1.089024] sd 0:0:0:1: [sdb] 8388608 512-byte logical blocks: (4.29 GB/4.00 GiB)
May 21 10:42:44 myLinuxVM kernel: [    1.092872] sd 0:0:0:1: [sdb] 4096-byte physical blocks
May 21 10:42:44 myLinuxVM kernel: [    1.096060] sched_clock: Marking stable (1022009900, 74003200)->(1467105900, -371092800)
May 21 10:42:44 myLinuxVM kernel: [    1.105203] registered taskstats version 1
May 21 10:42:44 myLinuxVM kernel: [    1.108544] sd 0:0:0:0: [sda] Write Protect is off
May 21 10:42:44 myLinuxVM kernel: [    1.112263] sd 0:0:0:0: [sda] Mode Sense: 0f 00 10 00
May 21 10:42:44 myLinuxVM kernel: [    1.112276] sd 0:0:0:1: [sdb] Write Protect is off
May 21 10:42:44 myLinuxVM kernel: [    1.115256] sd 0:0:0:1: [sdb] Mode Sense: 0f 00 10 00
May 21 10:42:44 myLinuxVM kernel: [    1.116072] sr 0:0:0:2: [sr0] scsi-1 drive
May 21 10:42:44 myLinuxVM kernel: [    1.118748] cdrom: Uniform CD-ROM driver Revision: 3.20
May 21 10:42:44 myLinuxVM kernel: [    1.124087] sd 0:0:0:1: [sdb] Write cache: disabled, read cache: enabled, supports DPO and FUA
May 21 10:42:44 myLinuxVM kernel: [    1.133203] sd 0:0:0:0: [sda] Write cache: enabled, read cache: enabled, supports DPO and FUA
May 21 10:42:44 myLinuxVM kernel: [    1.139347] Loading compiled-in X.509 certificates
May 21 10:42:44 myLinuxVM kernel: [    1.146090] Loaded X.509 cert 'Build time autogenerated kernel key: 2c3cd314fa1e4fca549b27acc3da969d1768f74d'
May 21 10:42:44 myLinuxVM kernel: [    1.153111] sr 0:0:0:2: Attached scsi CD-ROM sr0
May 21 10:42:44 myLinuxVM kernel: [    1.153223] sr 0:0:0:2: Attached scsi generic sg2 type 5
May 21 10:42:44 myLinuxVM kernel: [    1.158328] Loaded X.509 cert 'Canonical Ltd. Live Patch Signing: 14df34d1a87cf37625abec039ef2bf521249b969'
May 21 10:42:44 myLinuxVM kernel: [    1.164606]  sdb: sdb1
May 21 10:42:44 myLinuxVM kernel: [    1.167969] Loaded X.509 cert 'Canonical Ltd. Kernel Module Signing: 88f752e560a1e0737e31163a466ad7b70a850c19'
May 21 10:42:44 myLinuxVM kernel: [    1.174130] blacklist: Loading compiled-in revocation X.509 certificates
May 21 10:42:44 myLinuxVM kernel: [    1.177807] sd 0:0:0:1: [sdb] Attached SCSI disk
May 21 10:42:44 myLinuxVM kernel: [    1.181637] Loaded X.509 cert 'Canonical Ltd. Secure Boot Signing: 61482aa2830d0ab2ad5af10b7250da9033ddcef0'
May 21 10:42:44 myLinuxVM kernel: [    1.186956] Loaded X.509 cert 'Canonical Ltd. Secure Boot Signing (2017): 242ade75ac4a15e50d50c84b0d45ff3eae707a03'
May 21 10:42:44 myLinuxVM kernel: [    1.194497] Loaded X.509 cert 'Canonical Ltd. Secure Boot Signing (ESM 2018): 365188c1d374d6b07c3c8f240f8ef722433d6a8b'
May 21 10:42:44 myLinuxVM kernel: [    1.200564] Loaded X.509 cert 'Canonical Ltd. Secure Boot Signing (2019): c0746fd6c5da3ae827864651ad66ae47fe24b3e8'
May 21 10:42:44 myLinuxVM kernel: [    1.205975] Loaded X.509 cert 'Canonical Ltd. Secure Boot Signing (2021 v1): a8d54bbb3825cfb94fa13c9f8a594a195c107b8d'
May 21 10:42:44 myLinuxVM kernel: [    1.212282] Loaded X.509 cert 'Canonical Ltd. Secure Boot Signing (2021 v2): 4cf046892d6fd3c9a5b03f98d845f90851dc6a8c'
May 21 10:42:44 myLinuxVM kernel: [    1.223225] GPT:Primary header thinks Alt. header is not at the end of the disk.
May 21 10:42:44 myLinuxVM kernel: [    1.228420] GPT:4612095 != 62916607
May 21 10:42:44 myLinuxVM kernel: [    1.230734] GPT:Alternate GPT header not at the end of the disk.
May 21 10:42:44 myLinuxVM kernel: [    1.234404] GPT:4612095 != 62916607
May 21 10:42:44 myLinuxVM kernel: [    1.238194] GPT: Use GNU Parted to correct GPT errors.
May 21 10:42:44 myLinuxVM kernel: [    1.244944]  sda: sda1 sda14 sda15
May 21 10:42:44 myLinuxVM kernel: [    1.249345] Loaded X.509 cert 'Canonical Ltd. Secure Boot Signing (2021 v3): 100437bb6de6e469b581e61cd66bce3ef4ed53af'
May 21 10:42:44 myLinuxVM kernel: [    1.255016] Loaded X.509 cert 'Canonical Ltd. Secure Boot Signing (Ubuntu Core 2019): c1d57b8f6b743f23ee41f4f7ee292f06eecadfb9'
May 21 10:42:44 myLinuxVM kernel: [    1.265668] Key type .fscrypt registered
May 21 10:42:44 myLinuxVM kernel: [    1.269225] Key type fscrypt-provisioning registered
May 21 10:42:44 myLinuxVM kernel: [    1.272744] sd 0:0:0:0: [sda] Attached SCSI disk
May 21 10:42:44 myLinuxVM kernel: [    1.276138] Key type trusted registered
May 21 10:42:44 myLinuxVM kernel: [    1.279691] Key type encrypted registered
May 21 10:42:44 myLinuxVM kernel: [    1.283752] AppArmor: AppArmor sha256 policy hashing enabled
May 21 10:42:44 myLinuxVM kernel: [    1.288518] integrity: Loading X.509 certificate: UEFI:db
May 21 10:42:44 myLinuxVM kernel: [    1.292151] integrity: Loaded X.509 cert 'Microsoft Corporation UEFI CA 2011: 13adbf4309bd82709c8cd54f316ed522988a1bd4'
May 21 10:42:44 myLinuxVM kernel: [    1.297674] integrity: Loading X.509 certificate: UEFI:db
May 21 10:42:44 myLinuxVM kernel: [    1.302817] integrity: Loaded X.509 cert 'Microsoft UEFI CA 2023: 81aa6b3244c935bce0d6628af39827421e32497d'
May 21 10:42:44 myLinuxVM kernel: [    1.308965] integrity: Loading X.509 certificate: UEFI:db
May 21 10:42:44 myLinuxVM kernel: [    1.312853] integrity: Loaded X.509 cert 'Microsoft Corporation: Azure Services Linux Kmod PCA: 697cc4f41a2209a7abd0604c1f196f4d8c5735d9'
May 21 10:42:44 myLinuxVM kernel: [    1.326936] integrity: Loading X.509 certificate: UEFI:MokListRT (MOKvar table)
May 21 10:42:44 myLinuxVM kernel: [    1.334652] integrity: Loaded X.509 cert 'Canonical Ltd. Master Certificate Authority: ad91990bc22ab1f517048c23b6655a268e345a63'
May 21 10:42:44 myLinuxVM kernel: [    1.342815] Loading compiled-in module X.509 certificates
May 21 10:42:44 myLinuxVM kernel: [    1.347498] Loaded X.509 cert 'Build time autogenerated kernel key: 2c3cd314fa1e4fca549b27acc3da969d1768f74d'
May 21 10:42:44 myLinuxVM kernel: [    1.356122] ima: Allocated hash algorithm: sha256
May 21 10:42:44 myLinuxVM kernel: [    1.367102] audit: type=1807 audit(1747818840.373:2): action=measure func=KEXEC_KERNEL_CHECK res=1
May 21 10:42:44 myLinuxVM kernel: [    1.371931] evm: Initialising EVM extended attributes:
May 21 10:42:44 myLinuxVM kernel: [    1.374946] evm: security.selinux
May 21 10:42:44 myLinuxVM kernel: [    1.376995] evm: security.SMACK64
May 21 10:42:44 myLinuxVM kernel: [    1.379178] evm: security.SMACK64EXEC
May 21 10:42:44 myLinuxVM kernel: [    1.381608] evm: security.SMACK64TRANSMUTE
May 21 10:42:44 myLinuxVM kernel: [    1.384352] evm: security.SMACK64MMAP
May 21 10:42:44 myLinuxVM kernel: [    1.386770] evm: security.apparmor
May 21 10:42:44 myLinuxVM kernel: [    1.388943] evm: security.ima
May 21 10:42:44 myLinuxVM kernel: [    1.390802] evm: security.capability
May 21 10:42:44 myLinuxVM kernel: [    1.392878] evm: HMAC attrs: 0x1
May 21 10:42:44 myLinuxVM kernel: [    1.396394] audit: type=1807 audit(1747818840.377:3): action=measure func=MODULE_CHECK res=1
May 21 10:42:44 myLinuxVM kernel: [    1.404199] PM:   Magic number: 9:692:222
May 21 10:42:44 myLinuxVM kernel: [    1.411330] RAS: Correctable Errors collector initialized.
May 21 10:42:44 myLinuxVM kernel: [    1.415574] Lockdown: swapper/0: hibernation is restricted; see man kernel_lockdown.7
May 21 10:42:44 myLinuxVM kernel: [    1.420305] clk: Disabling unused clocks
May 21 10:42:44 myLinuxVM kernel: [    1.424480] md: Waiting for all devices to be available before autodetect
May 21 10:42:44 myLinuxVM kernel: [    1.426793] md: If you don't use raid, use raid=noautodetect
May 21 10:42:44 myLinuxVM kernel: [    1.430802] md: Autodetecting RAID arrays.
May 21 10:42:44 myLinuxVM kernel: [    1.433343] md: autorun ...
May 21 10:42:44 myLinuxVM kernel: [    1.434640] md: ... autorun DONE.
May 21 10:42:44 myLinuxVM kernel: [    1.441247] EXT4-fs (sda1): mounted filesystem fddfe0ee-2615-4bc4-bc70-50df45a9ab90 ro with ordered data mode. Quota mode: none.
May 21 10:42:44 myLinuxVM kernel: [    1.451289] VFS: Mounted root (ext4 filesystem) readonly on device 8:1.
May 21 10:42:44 myLinuxVM kernel: [    1.454733] devtmpfs: mounted
May 21 10:42:44 myLinuxVM kernel: [    1.458225] Freeing unused decrypted memory: 2028K
May 21 10:42:44 myLinuxVM kernel: [    1.462056] Freeing unused kernel image (initmem) memory: 4756K
May 21 10:42:44 myLinuxVM kernel: [    1.464753] Write protecting the kernel read-only data: 34816k
May 21 10:42:44 myLinuxVM kernel: [    1.466671] Freeing unused kernel image (rodata/data gap) memory: 772K
May 21 10:42:44 myLinuxVM kernel: [    1.528794] x86/mm: Checked W+X mappings: passed, no W+X pages found.
May 21 10:42:44 myLinuxVM kernel: [    1.532412] x86/mm: Checking user space page tables
May 21 10:42:44 myLinuxVM kernel: [    1.605624] x86/mm: Checked W+X mappings: passed, no W+X pages found.
May 21 10:42:44 myLinuxVM kernel: [    1.610693] Run /sbin/init as init process
May 21 10:42:44 myLinuxVM kernel: [    1.611784]   with arguments:
May 21 10:42:44 myLinuxVM kernel: [    1.611786]     /sbin/init
May 21 10:42:44 myLinuxVM kernel: [    1.611788]   with environment:
May 21 10:42:44 myLinuxVM kernel: [    1.611789]     HOME=/
May 21 10:42:44 myLinuxVM kernel: [    1.611790]     TERM=linux
May 21 10:42:44 myLinuxVM kernel: [    1.611791]     BOOT_IMAGE=/boot/vmlinuz-6.8.0-1028-azure
May 21 10:42:44 myLinuxVM kernel: [    1.662426] systemd[1]: Inserted module 'autofs4'
May 21 10:42:44 myLinuxVM kernel: [    1.689137] systemd[1]: systemd 249.11-0ubuntu3.15 running in system mode (+PAM +AUDIT +SELINUX +APPARMOR +IMA +SMACK +SECCOMP +GCRYPT +GNUTLS +OPENSSL +ACL +BLKID +CURL +ELFUTILS +FIDO2 +IDN2 -IDN +IPTC +KMOD +LIBCRYPTSETUP +LIBFDISK +PCRE2 -PWQUALITY -P11KIT -QRENCODE +BZIP2 +LZ4 +XZ +ZLIB +ZSTD -XKBCOMMON +UTMP +SYSVINIT default-hierarchy=unified)
May 21 10:42:44 myLinuxVM kernel: [    1.697659] systemd[1]: Detected virtualization microsoft.
May 21 10:42:44 myLinuxVM kernel: [    1.699731] systemd[1]: Detected architecture x86-64.
May 21 10:42:44 myLinuxVM kernel: [    1.704070] systemd[1]: Hostname set to <ubuntu>.
May 21 10:42:44 myLinuxVM kernel: [    1.707428] systemd[1]: Initializing machine ID from random generator.
May 21 10:42:44 myLinuxVM kernel: [    1.709109] systemd[1]: Installed transient /etc/machine-id file.
May 21 10:42:44 myLinuxVM kernel: [    1.712863] Lockdown: systemd: /dev/mem,kmem,port is restricted; see man kernel_lockdown.7
May 21 10:42:44 myLinuxVM kernel: [    1.822564] block sda: the capability attribute has been deprecated.
May 21 10:42:44 myLinuxVM kernel: [    1.932702] systemd[1]: Configuration file /run/systemd/system/netplan-ovs-cleanup.service is marked world-inaccessible. This has no effect as configuration data is accessible via APIs without restrictions. Proceeding anyway.
May 21 10:42:44 myLinuxVM kernel: [    1.975654] systemd[1]: /lib/systemd/system/snapd.service:23: Unknown key name 'RestartMode' in section 'Service', ignoring.
May 21 10:42:44 myLinuxVM kernel: [    2.100540] systemd[1]: Queued start job for default target Graphical Interface.
May 21 10:42:44 myLinuxVM kernel: [    2.105016] systemd[1]: Unnecessary job was removed for /sys/devices/virtual/misc/vmbus!hv_fcopy.
May 21 10:42:44 myLinuxVM kernel: [    2.107796] systemd[1]: Unnecessary job was removed for /sys/devices/virtual/misc/vmbus!hv_vss.
May 21 10:42:44 myLinuxVM kernel: [    2.113631] systemd[1]: Created slice Slice /system/modprobe.
May 21 10:42:44 myLinuxVM kernel: [    2.120717] systemd[1]: Created slice Slice /system/serial-getty.
May 21 10:42:44 myLinuxVM kernel: [    2.125070] systemd[1]: Created slice Slice /system/systemd-fsck.
May 21 10:42:44 myLinuxVM kernel: [    2.129243] systemd[1]: Created slice User and Session Slice.
May 21 10:42:44 myLinuxVM kernel: [    2.132807] systemd[1]: Started Forward Password Requests to Wall Directory Watch.
May 21 10:42:44 myLinuxVM kernel: [    2.143632] systemd[1]: Set up automount Arbitrary Executable File Formats File System Automount Point.
May 21 10:42:44 myLinuxVM kernel: [    2.148659] systemd[1]: Reached target Slice Units.
May 21 10:42:44 myLinuxVM kernel: [    2.152380] systemd[1]: Reached target Mounting snaps.
May 21 10:42:44 myLinuxVM kernel: [    2.155684] systemd[1]: Reached target Swaps.
May 21 10:42:44 myLinuxVM kernel: [    2.160620] systemd[1]: Reached target System Time Set.
May 21 10:42:44 myLinuxVM kernel: [    2.164047] systemd[1]: Reached target Local Verity Protected Volumes.
May 21 10:42:44 myLinuxVM kernel: [    2.168044] systemd[1]: Listening on Device-mapper event daemon FIFOs.
May 21 10:42:44 myLinuxVM kernel: [    2.172036] systemd[1]: Listening on LVM2 poll daemon socket.
May 21 10:42:44 myLinuxVM kernel: [    2.177406] systemd[1]: Listening on multipathd control socket.
May 21 10:42:44 myLinuxVM kernel: [    2.186305] systemd[1]: Listening on Syslog Socket.
May 21 10:42:44 myLinuxVM kernel: [    2.189668] systemd[1]: Listening on fsck to fsckd communication Socket.
May 21 10:42:44 myLinuxVM kernel: [    2.193608] systemd[1]: Listening on initctl Compatibility Named Pipe.
May 21 10:42:44 myLinuxVM kernel: [    2.197739] systemd[1]: Listening on Journal Audit Socket.
May 21 10:42:44 myLinuxVM kernel: [    2.201267] systemd[1]: Listening on Journal Socket (/dev/log).
May 21 10:42:44 myLinuxVM kernel: [    2.208341] systemd[1]: Listening on Journal Socket.
May 21 10:42:44 myLinuxVM kernel: [    2.213687] systemd[1]: Listening on Network Service Netlink Socket.
May 21 10:42:44 myLinuxVM kernel: [    2.218047] systemd[1]: Listening on udev Control Socket.
May 21 10:42:44 myLinuxVM kernel: [    2.221957] systemd[1]: Listening on udev Kernel Socket.
May 21 10:42:44 myLinuxVM kernel: [    2.231901] systemd[1]: Mounting Huge Pages File System...
May 21 10:42:44 myLinuxVM kernel: [    2.242179] systemd[1]: Mounting POSIX Message Queue File System...
May 21 10:42:44 myLinuxVM kernel: [    2.258230] systemd[1]: Mounting Kernel Debug File System...
May 21 10:42:44 myLinuxVM kernel: [    2.279177] systemd[1]: Mounting Kernel Trace File System...
May 21 10:42:44 myLinuxVM kernel: [    2.292244] systemd[1]: Starting Journal Service...
May 21 10:42:44 myLinuxVM kernel: [    2.303205] systemd[1]: Starting Set the console keyboard layout...
May 21 10:42:44 myLinuxVM kernel: [    2.316462] systemd[1]: Starting Create List of Static Device Nodes...
May 21 10:42:44 myLinuxVM kernel: [    2.335189] systemd[1]: Starting Monitoring of LVM2 mirrors, snapshots etc. using dmeventd or progress polling...
May 21 10:42:44 myLinuxVM kernel: [    2.353119] systemd[1]: Condition check resulted in LXD - agent being skipped.
May 21 10:42:44 myLinuxVM kernel: [    2.371229] systemd[1]: Starting Load Kernel Module configfs...
May 21 10:42:44 myLinuxVM kernel: [    2.398206] systemd[1]: Starting Load Kernel Module drm...
May 21 10:42:44 myLinuxVM kernel: [    2.417281] systemd[1]: Starting Load Kernel Module efi_pstore...
May 21 10:42:44 myLinuxVM kernel: [    2.432315] pstore: Using crash dump compression: deflate
May 21 10:42:44 myLinuxVM kernel: [    2.436701] systemd[1]: Starting Load Kernel Module fuse...
May 21 10:42:44 myLinuxVM kernel: [    2.446051] pstore: Registered efi_pstore as persistent store backend
May 21 10:42:44 myLinuxVM kernel: [    2.451182] systemd[1]: Condition check resulted in OpenVSwitch configuration for cleanup being skipped.
May 21 10:42:44 myLinuxVM kernel: [    2.464228] systemd[1]: Starting File System Check on Root Device...
May 21 10:42:44 myLinuxVM kernel: [    2.486214] systemd[1]: Starting Load Kernel Modules...
May 21 10:42:44 myLinuxVM kernel: [    2.507252] systemd[1]: Starting Coldplug All udev Devices...
May 21 10:42:44 myLinuxVM kernel: [    2.532872] systemd[1]: Started Journal Service.
May 21 10:42:44 myLinuxVM kernel: [    2.715757] EXT4-fs (sda1): re-mounted fddfe0ee-2615-4bc4-bc70-50df45a9ab90 r/w. Quota mode: none.
May 21 10:42:44 myLinuxVM kernel: [    2.732578] alua: device handler registered
May 21 10:42:44 myLinuxVM kernel: [    2.734988] emc: device handler registered
May 21 10:42:44 myLinuxVM kernel: [    2.743361] rdac: device handler registered
May 21 10:42:44 myLinuxVM kernel: [    2.756845] systemd-journald[130]: Received client request to flush runtime journal.
May 21 10:42:44 myLinuxVM kernel: [    3.222884] hv_vmbus: registering driver hyperv_drm
May 21 10:42:44 myLinuxVM kernel: [    3.223966] hv_vmbus: registering driver hyperv_keyboard
May 21 10:42:44 myLinuxVM kernel: [    3.226327] input: AT Translated Set 2 keyboard as /devices/LNXSYSTM:00/LNXSYBUS:00/ACPI0004:00/VMBUS:00/d34b2567-b9b6-42b9-8778-0a4ec0b955bf/serio0/input/input0
May 21 10:42:44 myLinuxVM kernel: [    3.226401] hyperv_drm 5620e0c7-8062-4dce-aeb7-520c7ef76171: [drm] Synthvid Version major 3, minor 5
May 21 10:42:44 myLinuxVM kernel: [    3.230138] Console: switching to colour dummy device 80x25
May 21 10:42:44 myLinuxVM kernel: [    3.233974] [drm] Initialized hyperv_drm 1.0.0 2020 for 5620e0c7-8062-4dce-aeb7-520c7ef76171 on minor 1
May 21 10:42:44 myLinuxVM kernel: [    3.582654] hv_vmbus: registering driver hv_netvsc
May 21 10:42:44 myLinuxVM kernel: [    3.592876] hid: raw HID events driver (C) Jiri Kosina
May 21 10:42:44 myLinuxVM kernel: [    3.854774] cryptd: max_cpu_qlen set to 1000
May 21 10:42:44 myLinuxVM kernel: [    4.152785] Console: switching to colour frame buffer device 128x48
May 21 10:42:44 myLinuxVM kernel: [    4.675933] hyperv_drm 5620e0c7-8062-4dce-aeb7-520c7ef76171: [drm] fb0: hyperv_drmdrmfb frame buffer device
May 21 10:42:44 myLinuxVM kernel: [    4.711193] hv_vmbus: registering driver hid_hyperv
May 21 10:42:44 myLinuxVM kernel: [    4.879433] input: Microsoft Vmbus HID-compliant Mouse as /devices/0006:045E:0621.0001/input/input1
May 21 10:42:44 myLinuxVM kernel: [    4.881998] hid-hyperv 0006:045E:0621.0001: input: VIRTUAL HID v0.01 Mouse [Microsoft Vmbus HID-compliant Mouse] on 
May 21 10:42:44 myLinuxVM kernel: [    4.891569] AVX2 version of gcm_enc/dec engaged.
May 21 10:42:44 myLinuxVM kernel: [    4.891594] AES CTR mode by8 optimization enabled
May 21 10:42:44 myLinuxVM kernel: [    5.332019] workqueue: drm_fb_helper_damage_work hogged CPU for >10000us 4 times, consider switching to WQ_UNBOUND
May 21 10:42:44 myLinuxVM kernel: [    6.205990] hv_utils: KVP IC version 4.0
May 21 10:42:44 myLinuxVM kernel: [    6.738017] workqueue: drm_fb_helper_damage_work hogged CPU for >10000us 8 times, consider switching to WQ_UNBOUND
May 21 10:42:44 myLinuxVM kernel: [    6.925778] loop0: detected capacity change from 0 to 130600
May 21 10:42:44 myLinuxVM kernel: [    6.930741] loop1: detected capacity change from 0 to 183096
May 21 10:42:44 myLinuxVM kernel: [    6.939938] loop2: detected capacity change from 0 to 104240
May 21 10:42:44 myLinuxVM kernel: [    7.280114] audit: type=1400 audit(1747818846.286:4): apparmor="STATUS" operation="profile_load" profile="unconfined" name="lsb_release" pid=378 comm="apparmor_parser"
May 21 10:42:44 myLinuxVM kernel: [    7.355634] audit: type=1400 audit(1747818846.361:5): apparmor="STATUS" operation="profile_load" profile="unconfined" name="nvidia_modprobe" pid=383 comm="apparmor_parser"
May 21 10:42:44 myLinuxVM kernel: [    7.356795] audit: type=1400 audit(1747818846.362:6): apparmor="STATUS" operation="profile_load" profile="unconfined" name="nvidia_modprobe//kmod" pid=383 comm="apparmor_parser"
May 21 10:42:44 myLinuxVM kernel: [    7.600238] audit: type=1400 audit(1747818846.606:7): apparmor="STATUS" operation="profile_load" profile="unconfined" name="/usr/lib/NetworkManager/nm-dhcp-client.action" pid=384 comm="apparmor_parser"
May 21 10:42:44 myLinuxVM kernel: [    7.601739] audit: type=1400 audit(1747818846.607:8): apparmor="STATUS" operation="profile_load" profile="unconfined" name="/usr/lib/NetworkManager/nm-dhcp-helper" pid=384 comm="apparmor_parser"
May 21 10:42:44 myLinuxVM kernel: [    7.602815] audit: type=1400 audit(1747818846.608:9): apparmor="STATUS" operation="profile_load" profile="unconfined" name="/usr/lib/connman/scripts/dhclient-script" pid=384 comm="apparmor_parser"
May 21 10:42:44 myLinuxVM kernel: [    7.604905] audit: type=1400 audit(1747818846.610:10): apparmor="STATUS" operation="profile_load" profile="unconfined" name="/{,usr/}sbin/dhclient" pid=384 comm="apparmor_parser"
May 21 10:42:44 myLinuxVM kernel: [    7.767371] audit: type=1400 audit(1747818846.773:11): apparmor="STATUS" operation="profile_load" profile="unconfined" name="ubuntu_pro_apt_news" pid=385 comm="apparmor_parser"
May 21 10:42:44 myLinuxVM kernel: [    8.551993] audit: type=1400 audit(1747818847.557:12): apparmor="STATUS" operation="profile_load" profile="unconfined" name="ubuntu_pro_esm_cache" pid=386 comm="apparmor_parser"
May 21 10:42:44 myLinuxVM kernel: [    8.553641] audit: type=1400 audit(1747818847.559:13): apparmor="STATUS" operation="profile_load" profile="unconfined" name="ubuntu_pro_esm_cache//apt_methods" pid=386 comm="apparmor_parser"
May 21 10:42:44 myLinuxVM kernel: [   10.815348] UDF-fs: INFO Mounting volume 'UDF Volume', timestamp 2025/05/22 00:00 (1000)
May 21 10:42:44 myLinuxVM kernel: [   12.301788] kauditd_printk_skb: 29 callbacks suppressed
May 21 10:42:44 myLinuxVM kernel: [   12.301792] audit: type=1400 audit(1747818851.307:43): apparmor="STATUS" operation="profile_load" profile="unconfined" name="snap.lxd.lxd" pid=443 comm="apparmor_parser"
May 21 10:42:44 myLinuxVM kernel: [   12.543882] audit: type=1400 audit(1747818851.548:44): apparmor="STATUS" operation="profile_load" profile="unconfined" name="snap.lxd.migrate" pid=444 comm="apparmor_parser"
May 21 10:42:44 myLinuxVM kernel: [   12.757138] audit: type=1400 audit(1747818851.762:45): apparmor="STATUS" operation="profile_load" profile="unconfined" name="snap.lxd.user-daemon" pid=458 comm="apparmor_parser"
May 21 10:42:44 myLinuxVM kernel: [   49.223636] hv_balloon: Max. dynamic memory size: 1024 MB
May 21 10:42:44 myLinuxVM kernel: [ 5316.954169] audit: type=1400 audit(1747824155.960:46): apparmor="DENIED" operation="exec" class="file" profile="/{,usr/}sbin/dhclient" name="/usr/bin/true" pid=481 comm="dhclient" requested_mask="x" denied_mask="x" fsuid=0 ouid=0
May 21 10:42:44 myLinuxVM kernel: [ 5317.107057] audit: type=1400 audit(1747824156.113:47): apparmor="DENIED" operation="exec" class="file" profile="/{,usr/}sbin/dhclient" name="/usr/bin/true" pid=482 comm="isc-worker0000" requested_mask="x" denied_mask="x" fsuid=0 ouid=0
May 21 10:42:44 myLinuxVM kernel: [ 5321.758324] hv_storvsc f8b3781a-1e82-4818-a1c3-63d806ec15bb: tag#95 cmd 0x28 status: scsi 0x2 srb 0x84 hv 0xc0000001
May 21 10:42:44 myLinuxVM kernel: [ 5321.758339] sr 0:0:0:2: [sr0] tag#95 FAILED Result: hostbyte=DID_OK driverbyte=DRIVER_OK cmd_age=0s
May 21 10:42:44 myLinuxVM kernel: [ 5321.758342] sr 0:0:0:2: [sr0] tag#95 Sense Key : Not Ready [current] 
May 21 10:42:44 myLinuxVM kernel: [ 5321.758363] sr 0:0:0:2: [sr0] tag#95 Add. Sense: Medium not present - tray open
May 21 10:42:44 myLinuxVM kernel: [ 5321.758377] sr 0:0:0:2: [sr0] tag#95 CDB: Read(10) 28 00 00 00 00 02 00 00 02 00
May 21 10:42:44 myLinuxVM kernel: [ 5321.758379] I/O error, dev sr0, sector 8 op 0x0:(READ) flags 0x80700 phys_seg 1 prio class 0
May 21 10:42:44 myLinuxVM kernel: [ 5321.765624] hv_storvsc f8b3781a-1e82-4818-a1c3-63d806ec15bb: tag#96 cmd 0x28 status: scsi 0x2 srb 0x84 hv 0xc0000001
May 21 10:42:44 myLinuxVM kernel: [ 5321.765632] sr 0:0:0:2: [sr0] tag#96 FAILED Result: hostbyte=DID_OK driverbyte=DRIVER_OK cmd_age=0s
May 21 10:42:44 myLinuxVM kernel: [ 5321.765635] sr 0:0:0:2: [sr0] tag#96 Sense Key : Not Ready [current] 
May 21 10:42:44 myLinuxVM kernel: [ 5321.765637] sr 0:0:0:2: [sr0] tag#96 Add. Sense: Medium not present - tray open
May 21 10:42:44 myLinuxVM kernel: [ 5321.765640] sr 0:0:0:2: [sr0] tag#96 CDB: Read(10) 28 00 00 00 00 02 00 00 02 00
May 21 10:42:44 myLinuxVM kernel: [ 5321.765641] I/O error, dev sr0, sector 8 op 0x0:(READ) flags 0x0 phys_seg 1 prio class 0
May 21 10:42:44 myLinuxVM kernel: [ 5321.767136] Buffer I/O error on dev sr0, logical block 1, async page read
May 21 10:42:44 myLinuxVM kernel: [ 5322.421862] EXT4-fs (sda1): resizing filesystem from 548091 to 7836155 blocks
May 21 10:42:44 myLinuxVM kernel: [ 5322.666513] EXT4-fs (sda1): resized filesystem to 7836155
May 21 10:42:44 myLinuxVM kernel: [ 5322.734189]  sdb: sdb1
May 21 10:42:44 myLinuxVM kernel: [ 5324.076843] EXT4-fs (sdb1): mounted filesystem 54a2a9a6-98f0-4bee-b2ab-a0d6d0c14ca9 r/w with ordered data mode. Quota mode: none.
May 21 10:42:44 myLinuxVM cloud-init[518]: ci-info: |   4   |  multicast  |    ::   |    eth0   |   U   |
May 21 10:42:44 myLinuxVM cloud-init[518]: ci-info: +-------+-------------+---------+-----------+-------+
May 21 10:42:44 myLinuxVM ntfs-3g[529]: Version 2021.8.22 integrated FUSE 28
May 21 10:42:44 myLinuxVM ntfs-3g[529]: Mounted /dev/sdb1 (Read-Only, label "Temporary Storage", NTFS 3.1)
May 21 10:42:44 myLinuxVM ntfs-3g[529]: Cmdline options: ro
May 21 10:42:44 myLinuxVM ntfs-3g[529]: Mount options: ro,allow_other,nonempty,relatime,fsname=/dev/sdb1,blkdev,blksize=4096
May 21 10:42:44 myLinuxVM ntfs-3g[529]: Ownership and permissions disabled, configuration type 7
May 21 10:42:44 myLinuxVM ntfs-3g[529]: Unmounting /dev/sdb1 (Temporary Storage)
May 21 10:42:44 myLinuxVM systemd[1]: run-cloud\x2dinit-tmp-tmpymndft6l.mount: Deactivated successfully.
May 21 10:42:44 myLinuxVM systemd-udevd[532]: sdb1: Process '/usr/bin/unshare -m /usr/bin/snap auto-import --mount=/dev/sdb1' failed with exit code 1.
May 21 10:42:44 myLinuxVM systemd[1]: Reloading.
May 21 10:42:44 myLinuxVM systemd[1]: Configuration file /run/systemd/system/netplan-ovs-cleanup.service is marked world-inaccessible. This has no effect as configuration data is accessible via APIs without restrictions. Proceeding anyway.
May 21 10:42:44 myLinuxVM systemd[1]: /lib/systemd/system/snapd.service:23: Unknown key name 'RestartMode' in section 'Service', ignoring.
May 21 10:42:44 myLinuxVM cloud-init[518]: Generating public/private rsa key pair.
May 21 10:42:44 myLinuxVM cloud-init[518]: Your identification has been saved in /etc/ssh/ssh_host_rsa_key
May 21 10:42:44 myLinuxVM cloud-init[518]: Your public key has been saved in /etc/ssh/ssh_host_rsa_key.pub
May 21 10:42:44 myLinuxVM cloud-init[518]: The key fingerprint is:
May 21 10:42:44 myLinuxVM cloud-init[518]: SHA256:ECYPYRuHvUTE9vVw6Nbt0MwtE06E8I3xAJqvK1OH2MM root@myLinuxVM
May 21 10:42:44 myLinuxVM cloud-init[518]: The key's randomart image is:
May 21 10:42:44 myLinuxVM cloud-init[518]: +---[RSA 3072]----+
May 21 10:42:44 myLinuxVM cloud-init[518]: |    *B*   o+oo.  |
May 21 10:42:44 myLinuxVM cloud-init[518]: |   ..O=. o+.o*o  |
May 21 10:42:44 myLinuxVM cloud-init[518]: |    .ooooo =oBoo |
May 21 10:42:44 myLinuxVM cloud-init[518]: |      ....o + O .|
May 21 10:42:44 myLinuxVM cloud-init[518]: |       +So.  o o |
May 21 10:42:44 myLinuxVM cloud-init[518]: |      . E..   .  |
May 21 10:42:44 myLinuxVM cloud-init[518]: |       ..o       |
May 21 10:42:44 myLinuxVM cloud-init[518]: |      o  .       |
May 21 10:42:44 myLinuxVM cloud-init[518]: |       o.        |
May 21 10:42:44 myLinuxVM cloud-init[518]: +----[SHA256]-----+
May 21 10:42:44 myLinuxVM cloud-init[518]: Generating public/private ecdsa key pair.
May 21 10:42:44 myLinuxVM cloud-init[518]: Your identification has been saved in /etc/ssh/ssh_host_ecdsa_key
May 21 10:42:44 myLinuxVM cloud-init[518]: Your public key has been saved in /etc/ssh/ssh_host_ecdsa_key.pub
May 21 10:42:44 myLinuxVM cloud-init[518]: The key fingerprint is:
May 21 10:42:44 myLinuxVM cloud-init[518]: SHA256:kyq2/cXZyWL5vKQwiCogPpcLw89V213rRbuUR/M4Q5o root@myLinuxVM
May 21 10:42:44 myLinuxVM cloud-init[518]: The key's randomart image is:
May 21 10:42:44 myLinuxVM cloud-init[518]: +---[ECDSA 256]---+
May 21 10:42:44 myLinuxVM cloud-init[518]: |                 |
May 21 10:42:44 myLinuxVM cloud-init[518]: message repeated 2 times: [ |                 |]
May 21 10:42:44 myLinuxVM cloud-init[518]: |         .       |
May 21 10:42:44 myLinuxVM cloud-init[518]: |       .S    ..o.|
May 21 10:42:44 myLinuxVM cloud-init[518]: |+    ..ooo.=.=oo=|
May 21 10:42:44 myLinuxVM cloud-init[518]: |++  =.o.o.B.E.+=o|
May 21 10:42:44 myLinuxVM cloud-init[518]: |.o==.+   = *. ooo|
May 21 10:42:44 myLinuxVM cloud-init[518]: | .++o ... . +o . |
May 21 10:42:44 myLinuxVM cloud-init[518]: +----[SHA256]-----+
May 21 10:42:44 myLinuxVM cloud-init[518]: Generating public/private ed25519 key pair.
May 21 10:42:44 myLinuxVM cloud-init[518]: Your identification has been saved in /etc/ssh/ssh_host_ed25519_key
May 21 10:42:44 myLinuxVM cloud-init[518]: Your public key has been saved in /etc/ssh/ssh_host_ed25519_key.pub
May 21 10:42:44 myLinuxVM cloud-init[518]: The key fingerprint is:
May 21 10:42:44 myLinuxVM cloud-init[518]: SHA256:LN8zIjHeoO14TwELnoU9SSIlMSA2v74M1xMnaJqHdRg root@myLinuxVM
May 21 10:42:44 myLinuxVM cloud-init[518]: The key's randomart image is:
May 21 10:42:44 myLinuxVM cloud-init[518]: +--[ED25519 256]--+
May 21 10:42:44 myLinuxVM cloud-init[518]: |o+=oo .          |
May 21 10:42:44 myLinuxVM cloud-init[518]: |o o+ = .         |
May 21 10:42:44 myLinuxVM cloud-init[518]: |   Eo *          |
May 21 10:42:44 myLinuxVM cloud-init[518]: |   .=+ =         |
May 21 10:42:44 myLinuxVM cloud-init[518]: |   *o+*.S        |
May 21 10:42:44 myLinuxVM cloud-init[518]: |  B o++B o       |
May 21 10:42:44 myLinuxVM cloud-init[518]: | = +.o+ = +      |
May 21 10:42:44 myLinuxVM cloud-init[518]: |  = .ooo . o     |
May 21 10:42:44 myLinuxVM cloud-init[518]: |   o.....        |
May 21 10:42:44 myLinuxVM cloud-init[518]: +----[SHA256]-----+
May 21 10:42:44 myLinuxVM systemd[1]: Finished Cloud-init: Network Stage.
May 21 10:42:44 myLinuxVM systemd[1]: Reached target Cloud-config availability.
May 21 10:42:44 myLinuxVM systemd[1]: Reached target Network is Online.
May 21 10:42:44 myLinuxVM systemd[1]: Reached target System Initialization.
May 21 10:42:44 myLinuxVM systemd[1]: Condition check resulted in Process error reports when automatic reporting is enabled (file watch) being skipped.
May 21 10:42:44 myLinuxVM systemd[1]: Condition check resulted in Process error reports when automatic reporting is enabled (timer based) being skipped.
May 21 10:42:44 myLinuxVM systemd[1]: Started Daily Cleanup of Temporary Directories.
May 21 10:42:44 myLinuxVM systemd[1]: Condition check resulted in Ubuntu Pro Timer for running repeated jobs being skipped.
May 21 10:42:44 myLinuxVM systemd[1]: Started Download data for packages that failed at package install time.
May 21 10:42:44 myLinuxVM systemd[1]: Reached target Path Units.
May 21 10:42:44 myLinuxVM systemd[1]: Condition check resulted in Unix socket for apport crash forwarding being skipped.
May 21 10:42:44 myLinuxVM systemd[1]: Listening on cloud-init hotplug hook socket.
May 21 10:42:44 myLinuxVM systemd[1]: Listening on D-Bus System Message Bus Socket.
May 21 10:42:44 myLinuxVM systemd[1]: Listening on Open-iSCSI iscsid Socket.
May 21 10:42:44 myLinuxVM systemd[1]: Starting Socket activation for snappy daemon...
May 21 10:42:44 myLinuxVM systemd[1]: Listening on UUID daemon activation socket.
May 21 10:42:44 myLinuxVM systemd[1]: Condition check resulted in Login to default iSCSI targets being skipped.
May 21 10:42:44 myLinuxVM systemd[1]: Finished Availability of block devices.
May 21 10:42:44 myLinuxVM systemd[1]: Listening on Socket activation for snappy daemon.
May 21 10:42:44 myLinuxVM systemd[1]: Reached target Socket Units.
May 21 10:42:44 myLinuxVM systemd[1]: Reached target Basic System.
May 21 10:42:44 myLinuxVM systemd[1]: Starting chrony, an NTP client/server...
May 21 10:42:44 myLinuxVM systemd[1]: Started D-Bus System Message Bus.
May 21 10:42:44 myLinuxVM systemd[1]: Started Save initial kernel messages after boot.
May 21 10:42:44 myLinuxVM systemd[1]: Starting Remove Stale Online ext4 Metadata Check Snapshots...
May 21 10:42:44 myLinuxVM systemd[1]: Condition check resulted in getty on tty2-tty6 if dbus and logind are not available being skipped.
May 21 10:42:44 myLinuxVM systemd[1]: Starting Record successful boot for GRUB...
May 21 10:42:44 myLinuxVM systemd[1]: Condition check resulted in Hyper-V File Copy Protocol Daemon being skipped.
May 21 10:42:44 myLinuxVM systemd[1]: Condition check resulted in Hyper-V VSS Protocol Daemon being skipped.
May 21 10:42:44 myLinuxVM dbus-daemon[729]: [system] AppArmor D-Bus mediation is enabled
May 21 10:42:44 myLinuxVM systemd[1]: Started irqbalance daemon.
May 21 10:42:44 myLinuxVM systemd[1]: Starting Dispatcher daemon for systemd-networkd...
May 21 10:42:44 myLinuxVM systemd[1]: Condition check resulted in Auto-connect to subsystems on FC-NVME devices found during boot being skipped.
May 21 10:42:44 myLinuxVM systemd[1]: Starting Connect NVMe-oF subsystems automatically during boot...
May 21 10:42:44 myLinuxVM systemd[1]: Starting Pollinate to seed the pseudo random number generator...
May 21 10:42:44 myLinuxVM /usr/sbin/irqbalance: Balancing is ineffective on systems with a single cpu.  Shutting down
May 21 10:42:44 myLinuxVM systemd[1]: Starting System Logging Service...
May 21 10:42:44 myLinuxVM systemd[1]: Starting Secure Boot updates for DB and DBX...
May 21 10:42:44 myLinuxVM systemd[1]: Condition check resulted in Automatically repair incorrect owner/permissions on core devices being skipped.
May 21 10:42:44 myLinuxVM systemd[1]: Condition check resulted in Wait for the Ubuntu Core chooser trigger being skipped.
May 21 10:42:44 myLinuxVM systemd[1]: Reached target Preparation for Logins.
May 21 10:42:44 myLinuxVM systemd[1]: Starting Wait until snapd is fully seeded...
May 21 10:42:44 myLinuxVM systemd[1]: Starting Snap Daemon...
May 21 10:42:44 myLinuxVM systemd[1]: Starting Resets System Activity Logs...
May 21 10:42:44 myLinuxVM chronyd[752]: chronyd version 4.2 starting (+CMDMON +NTP +REFCLOCK +RTC +PRIVDROP +SCFILTER +SIGND +ASYNCDNS +NTS +SECHASH +IPV6 -DEBUG)
May 21 10:42:44 myLinuxVM chronyd[752]: Using right/UTC timezone to obtain leap second data
May 21 10:42:44 myLinuxVM systemd[1]: Starting User Login Management...
May 21 10:42:44 myLinuxVM chronyd[752]: Loaded seccomp filter (level 1)
May 21 10:42:44 myLinuxVM systemd[1]: Starting Cleanup of Temporary Directories...
May 21 10:42:44 myLinuxVM systemd[1]: Condition check resulted in Ubuntu Pro reboot cmds being skipped.
May 21 10:42:44 myLinuxVM systemd[1]: Started Ubuntu Pro Background Auto Attach.
May 21 10:42:44 myLinuxVM systemd[1]: Starting Download data for packages that failed at package install time...
May 21 10:42:44 myLinuxVM systemd[1]: Started Azure Linux Agent.
May 21 10:42:44 myLinuxVM systemd[1]: Started chrony, an NTP client/server.
May 21 10:42:44 myLinuxVM systemd[1]: e2scrub_reap.service: Deactivated successfully.
May 21 10:42:44 myLinuxVM systemd[1]: Finished Remove Stale Online ext4 Metadata Check Snapshots.
May 21 10:42:44 myLinuxVM systemd[1]: irqbalance.service: Deactivated successfully.
May 21 10:42:44 myLinuxVM systemd[1]: Finished Resets System Activity Logs.
May 21 10:42:44 myLinuxVM systemd[1]: Reached target System Time Synchronized.
May 21 10:42:44 myLinuxVM rsyslogd: imuxsock: Acquired UNIX socket '/run/systemd/journal/syslog' (fd 3) from systemd.  [v8.2112.0]
May 21 10:42:44 myLinuxVM rsyslogd: rsyslogd's groupid changed to 111
May 21 10:42:44 myLinuxVM rsyslogd: rsyslogd's userid changed to 104
May 21 10:42:44 myLinuxVM rsyslogd: [origin software="rsyslogd" swVersion="8.2112.0" x-pid="738" x-info="https://www.rsyslog.com"] start
May 21 10:42:44 myLinuxVM systemd[1]: Started Daily apt download activities.
May 21 10:42:44 myLinuxVM systemd[1]: Started Daily apt upgrade and clean activities.
May 21 10:42:44 myLinuxVM systemd[1]: Started Daily dpkg database backup timer.
May 21 10:42:44 myLinuxVM systemd[1]: Started Periodic ext4 Online Metadata Check for All Filesystems.
May 21 10:42:44 myLinuxVM systemd[1]: Started Discard unused blocks once a week.
May 21 10:42:44 myLinuxVM python3[769]: /usr/sbin/waagent:27: DeprecationWarning: the imp module is deprecated in favour of importlib and slated for removal in Python 3.12; see the module's documentation for alternative uses
May 21 10:42:44 myLinuxVM python3[769]:   import imp
May 21 10:42:44 myLinuxVM systemd[1]: Started Daily rotation of log files.
May 21 10:42:44 myLinuxVM systemd[1]: Started Daily man-db regeneration.
May 21 10:42:44 myLinuxVM systemd[1]: Started Message of the Day.
May 21 10:42:44 myLinuxVM systemd[1]: Condition check resulted in Timer to automatically fetch and run repair assertions being skipped.
May 21 10:42:44 myLinuxVM systemd[1]: Started Run system activity accounting tool every 10 minutes.
May 21 10:42:44 myLinuxVM systemd[1]: Started Generate summary of yesterday's process accounting.
May 21 10:42:44 myLinuxVM systemd[1]: Started Check to see whether there is a new version of Ubuntu available.
May 21 10:42:44 myLinuxVM systemd[1]: Reached target Timer Units.
May 21 10:42:44 myLinuxVM systemd[1]: Started System Logging Service.
May 21 10:42:44 myLinuxVM systemd[1]: nvmf-autoconnect.service: Deactivated successfully.
May 21 10:42:45 myLinuxVM systemd[1]: Finished Connect NVMe-oF subsystems automatically during boot.
May 21 10:42:45 myLinuxVM systemd[1]: Reached target Preparation for Remote File Systems.
May 21 10:42:45 myLinuxVM systemd[1]: Reached target Remote File Systems.
May 21 10:42:45 myLinuxVM systemd[1]: Starting LSB: automatic crash report generation...
May 21 10:42:45 myLinuxVM systemd[1]: Started Regular background program processing daemon.
May 21 10:42:45 myLinuxVM sbkeysync[790]: Filesystem keystore:
May 21 10:42:45 myLinuxVM sbkeysync[790]:   /usr/share/secureboot/updates/dbx/dbxupdate_x64.bin [7085 bytes]
May 21 10:42:45 myLinuxVM sbkeysync[790]: firmware keys:
May 21 10:42:45 myLinuxVM sbkeysync[790]:   PK:
May 21 10:42:45 myLinuxVM sbkeysync[790]:     /C=US/ST=Washington/L=Redmond/O=Microsoft Corporation/CN=Microsoft Hyper-V Firmware PK
May 21 10:42:45 myLinuxVM sbkeysync[790]:   KEK:
May 21 10:42:45 myLinuxVM sbkeysync[790]:     /C=US/O=Microsoft Corporation/CN=Microsoft Corporation KEK 2K CA 2023
May 21 10:42:45 myLinuxVM sbkeysync[790]:     /C=US/ST=Washington/L=Redmond/O=Microsoft Corporation/CN=Microsoft Corporation KEK CA 2011
May 21 10:42:45 myLinuxVM sbkeysync[790]:   db:
May 21 10:42:45 myLinuxVM sbkeysync[790]:     /C=US/O=Microsoft Corporation/CN=Azure Services Linux Kmod PCA
May 21 10:42:45 myLinuxVM sbkeysync[790]:     /C=US/O=Microsoft Corporation/CN=Microsoft UEFI CA 2023
May 21 10:42:45 myLinuxVM sbkeysync[790]:     /C=US/ST=Washington/L=Redmond/O=Microsoft Corporation/CN=Microsoft Corporation UEFI CA 2011
May 21 10:42:45 myLinuxVM sbkeysync[790]:   dbx:
May 21 10:42:45 myLinuxVM sbkeysync[790]:     13a1f37bedfb5417b6b737e2a3816c8fd587d74d836914b2b2edc9fd6ca30e58
May 21 10:42:45 myLinuxVM sbkeysync[790]:     2b21029fa033526d1dcd9e87ad8893f9b5a08987c3271b8a86716865de53d958
May 21 10:42:45 myLinuxVM sbkeysync[790]:     cf7f9e7d091023a1a1c3f5cbf7ddacf7b18f03a4d07961f71506fe9df4388eee
May 21 10:42:45 myLinuxVM sbkeysync[790]:     8ede7732284dab4aa384606ca07be29e72fded094597261a2f6473494a8aca0a
May 21 10:42:45 myLinuxVM sbkeysync[790]:     f8f38c4febe9d8e45e71a459c5bff171755c348d5f619f3c6ef30a3f8fd02bd1
May 21 10:42:45 myLinuxVM sbkeysync[790]:     21554d1f3bf9f52d3cd297d27df56215c0fd08a0bf673868f3d8c6c064dc5609
May 21 10:42:45 myLinuxVM sbkeysync[790]:     e8818666b7e014b6e4820afaa84d5a84fa42cb5d2663c848d358b2913274ba21
May 21 10:42:45 myLinuxVM sbkeysync[790]:     f0b3d0d4c5457880e2d9b7728eb64bd288b5d4a26ec883f3c0941d8af29d9466
May 21 10:42:45 myLinuxVM sbkeysync[790]:     cfd2a8f23bbce7424f4a6e27def368f17b086ffa226528900fa092736e705ef9
May 21 10:42:45 myLinuxVM sbkeysync[790]:     7b94f0505f37b19b432aba08be2e3e003038c02ceb531e169d460db60c351649
May 21 10:42:45 myLinuxVM sbkeysync[790]:     cc202e8f2753ec75c9eeaac65c9d39eea6faed570664e930e3815976cd332d91
May 21 10:42:45 myLinuxVM sbkeysync[790]:     d87817f76309b1e420547808cb573aea0c8e7de14123793a42388582184286b7
May 21 10:42:45 myLinuxVM sbkeysync[790]:     2992068e4f616f2d7253e9d58116a97f22923f4dc1b78a58be4499b982ecf270
May 21 10:42:45 myLinuxVM sbkeysync[790]:     ce65c29521cd8498fad962e5f70d55c5044366ec09c761a60cc7c4a2001776a4
May 21 10:42:45 myLinuxVM sbkeysync[790]:     8806cf0c7bd5df7e01d120f56734113be916e183755577bd48026c25db268680
May 21 10:42:45 myLinuxVM sbkeysync[790]:     dc7cc8d1dc11e304abdf6e6227838f35b223b780f030de7b341e88a3f6a361b4
May 21 10:42:45 myLinuxVM sbkeysync[790]:     cb95a4d2e0e02a5b56d059c9f223c2326753ea8c44d2e3fa6c4486629be387a9
May 21 10:42:45 myLinuxVM sbkeysync[790]:     6d174dc1673f7cfb6f1ea75d71739afde2b784e214e41ae6f5aa30f622a400c4
May 21 10:42:45 myLinuxVM sbkeysync[790]:     6b54497ff9915a6977428bdf8f45b116d874c4f8a836b5bdfc373d05f4c0ef87
May 21 10:42:45 myLinuxVM sbkeysync[790]:     996c1d55955dfb3698869bdc2a700e6bcc762468716b5cbda7295cf98841220a
May 21 10:42:45 myLinuxVM sbkeysync[790]:     f254087746fdb5d9d9eae6df458485752beb0fcf295c36d273511b45f7480287
